******************************************************************************
                  TI ARM Linker Unix v18.12.1                  
******************************************************************************
>> Linked Mon Feb  3 20:00:05 2020

OUTPUT FILE NAME:   <SolarTracker.out>
ENTRY POINT SYMBOL: "_c_int00_noargs"  address: 00000d6d


MEMORY CONFIGURATION

         name            origin    length      used     unused   attr    fill
----------------------  --------  ---------  --------  --------  ----  --------
  MAIN                  00000000   00040000  00000e14  0003f1ec  R  X
  INFO                  00200000   00004000  00000000  00004000  R  X
  SRAM_CODE             01000000   00010000  00000205  0000fdfb  RW X
  SRAM_DATA             20000000   00010000  00000205  0000fdfb  RW  


SEGMENT ALLOCATION MAP

run origin  load origin   length   init length attrs members
----------  ----------- ---------- ----------- ----- -------
00000000    00000000    00000e14   00000e14    r-x
  00000000    00000000    000000e4   000000e4    r-- .intvecs
  000000e4    000000e4    00000d14   00000d14    r-x .text
  00000df8    00000df8    0000001c   0000001c    r-- .cinit
20000000    20000000    00000005   00000000    rw-
  20000000    20000000    00000005   00000000    rw- .data
2000fe00    2000fe00    00000200   00000000    rw-
  2000fe00    2000fe00    00000200   00000000    rw- .stack


SECTION ALLOCATION MAP

 output                                  attributes/
section   page    origin      length       input sections
--------  ----  ----------  ----------   ----------------
.intvecs   0    00000000    000000e4     
                  00000000    000000e4     startup_msp432p401r_ccs.obj (.intvecs:retain)

.text      0    000000e4    00000d14     
                  000000e4    000003c0     delay.obj (.text)
                  000004a4    00000334     system_msp432p401r.obj (.text)
                  000007d8    0000019c     I2C.obj (.text)
                  00000974    00000174     RTC.obj (.text)
                  00000ae8    0000013c     UART.obj (.text)
                  00000c24    0000009c     rtsv7M4_T_le_v4SPD16_eabi.lib : memcpy_t2.asm.obj (.text)
                  00000cc0    00000068                                   : copy_decompress_lzss.c.obj (.text:decompress:lzss:__TI_decompress_lzss)
                  00000d28    00000044                                   : autoinit.c.obj (.text:__TI_auto_init_nobinit_nopinit:__TI_auto_init_nobinit_nopinit)
                  00000d6c    00000034                                   : boot_cortex_m.c.obj (.text:_c_int00_noargs:_c_int00_noargs)
                  00000da0    00000034     main.obj (.text)
                  00000dd4    0000000e     rtsv7M4_T_le_v4SPD16_eabi.lib : copy_decompress_none.c.obj (.text:decompress:none:__TI_decompress_none)
                  00000de2    0000000e     startup_msp432p401r_ccs.obj (.text)
                  00000df0    00000004     rtsv7M4_T_le_v4SPD16_eabi.lib : pre_init.c.obj (.text:_system_pre_init)
                  00000df4    00000004                                   : exit.c.obj (.text:abort:abort)

.cinit     0    00000df8    0000001c     
                  00000df8    00000009     (.cinit..data.load) [load image, compression = lzss]
                  00000e01    00000003     --HOLE-- [fill = 0]
                  00000e04    00000008     (__TI_handler_table)
                  00000e0c    00000008     (__TI_cinit_table)

.init_array 
*          0    00000000    00000000     UNINITIALIZED

.binit     0    00000000    00000000     

.data      0    20000000    00000005     UNINITIALIZED
                  20000000    00000004     system_msp432p401r.obj (.data)
                  20000004    00000001     I2C.obj (.data)

.stack     0    2000fe00    00000200     UNINITIALIZED
                  2000fe00    00000004     rtsv7M4_T_le_v4SPD16_eabi.lib : boot_cortex_m.c.obj (.stack)
                  2000fe04    000001fc     --HOLE--

MODULE SUMMARY

       Module                        code   ro data   rw data
       ------                        ----   -------   -------
    ./
       delay.obj                     960    0         0      
       system_msp432p401r.obj        820    0         8      
       I2C.obj                       412    0         2      
       RTC.obj                       372    0         0      
       UART.obj                      316    0         0      
       startup_msp432p401r_ccs.obj   14     228       0      
       main.obj                      52     0         0      
    +--+-----------------------------+------+---------+---------+
       Total:                        2946   228       10     
                                                             
    /Applications/ti/ccs900/ccs/tools/compiler/ti-cgt-arm_18.12.1.LTS/lib/rtsv7M4_T_le_v4SPD16_eabi.lib
       memcpy_t2.asm.obj             156    0         0      
       copy_decompress_lzss.c.obj    104    0         0      
       autoinit.c.obj                68     0         0      
       boot_cortex_m.c.obj           52     0         0      
       copy_decompress_none.c.obj    14     0         0      
       exit.c.obj                    4      0         0      
       pre_init.c.obj                4      0         0      
    +--+-----------------------------+------+---------+---------+
       Total:                        402    0         0      
                                                             
       Stack:                        0      0         1024   
       Linker Generated:             0      25        0      
    +--+-----------------------------+------+---------+---------+
       Grand Total:                  3348   253       1034   


LINKER GENERATED COPY TABLES

__TI_cinit_table @ 00000e0c records: 1, size/record: 8, table size: 8
	.data: load addr=00000df8, load size=00000009 bytes, run addr=20000000, run size=00000005 bytes, compression=lzss


LINKER GENERATED HANDLER TABLE

__TI_handler_table @ 00000e04 records: 2, size/record: 4, table size: 8
	index: 0, handler: __TI_decompress_lzss
	index: 1, handler: __TI_decompress_none


GLOBAL SYMBOLS: SORTED ALPHABETICALLY BY Name 

address   name                          
-------   ----                          
00000def  ADC14_IRQHandler              
00000def  AES256_IRQHandler             
00000def  BusFault_Handler              
00000df5  C$$EXIT                       
00000def  COMP_E0_IRQHandler            
00000def  COMP_E1_IRQHandler            
00000def  CS_IRQHandler                 
00000def  DMA_ERR_IRQHandler            
00000def  DMA_INT0_IRQHandler           
00000def  DMA_INT1_IRQHandler           
00000def  DMA_INT2_IRQHandler           
00000def  DMA_INT3_IRQHandler           
00000def  DebugMon_Handler              
00000def  Default_Handler               
00000bd9  EUSCIA0_IRQHandler            
00000bd9  EUSCIA0_IRQHandler            
00000def  EUSCIA1_IRQHandler            
00000def  EUSCIA2_IRQHandler            
00000def  EUSCIA3_IRQHandler            
00000919  EUSCIB0_IRQHandler            
00000919  EUSCIB0_IRQHandler            
00000def  EUSCIB1_IRQHandler            
00000def  EUSCIB2_IRQHandler            
00000def  EUSCIB3_IRQHandler            
00000def  FLCTL_IRQHandler              
00000def  FPU_IRQHandler                
00000def  HardFault_Handler             
000007d9  InitI2C                       
00000def  MemManage_Handler             
00000def  NMI_Handler                   
00000def  PCM_IRQHandler                
00000def  PORT1_IRQHandler              
00000def  PORT2_IRQHandler              
00000def  PORT3_IRQHandler              
00000def  PORT4_IRQHandler              
00000def  PORT5_IRQHandler              
00000def  PORT6_IRQHandler              
00000def  PSS_IRQHandler                
00000def  PendSV_Handler                
00000a9f  RTC_C_IRQHandler              
00000a9f  RTC_C_IRQHandler              
00000895  ReadI2C                       
00000de3  Reset_Handler                 
00000def  SVC_Handler                   
00000def  SysTick_Handler               
20000000  SystemCoreClock               
000004a5  SystemCoreClockUpdate         
0000071d  SystemInit                    
00000def  T32_INT1_IRQHandler           
00000def  T32_INT2_IRQHandler           
00000def  T32_INTC_IRQHandler           
00000def  TA0_0_IRQHandler              
00000def  TA0_N_IRQHandler              
00000def  TA1_0_IRQHandler              
00000def  TA1_N_IRQHandler              
00000def  TA2_0_IRQHandler              
00000def  TA2_N_IRQHandler              
00000def  TA3_0_IRQHandler              
00000def  TA3_N_IRQHandler              
20000004  TransmitFlag                  
00000def  UsageFault_Handler            
4000480c  WDTCTL_SYM                    
00000def  WDT_A_IRQHandler              
0000082d  WriteI2C                      
20010000  __STACK_END                   
00000200  __STACK_SIZE                  
00000e0c  __TI_CINIT_Base               
00000e14  __TI_CINIT_Limit              
00000e04  __TI_Handler_Table_Base       
00000e0c  __TI_Handler_Table_Limit      
00000d29  __TI_auto_init_nobinit_nopinit
00000cc1  __TI_decompress_lzss          
00000dd5  __TI_decompress_none          
ffffffff  __TI_pprof_out_hndl           
ffffffff  __TI_prof_data_size           
ffffffff  __TI_prof_data_start          
00000000  __TI_static_base__            
00000c25  __aeabi_memcpy                
00000c25  __aeabi_memcpy4               
00000c25  __aeabi_memcpy8               
ffffffff  __binit__                     
ffffffff  __c_args__                    
UNDEFED   __mpu_init                    
2000fe00  __stack                       
00000d6d  _c_int00_noargs               
UNDEFED   _system_post_cinit            
00000df1  _system_pre_init              
00000df5  abort                         
ffffffff  binit                         
000000e5  delay_ms                      
0000018f  delay_us                      
00000447  delay_us_48_MHZ               
00000a81  getCurrentTime                
00000a1d  getRTCDay                     
00000a45  getRTCHour                    
00000a6d  getRTCMinute                  
000009f5  getRTCMonth                   
000009cd  getRTCYear                    
00000975  initRTC                       
00000ae9  initUART                      
00000b39  initUARTWriteOnly             
00000000  interruptVectors              
00000da1  main                          
00000c25  memcpy                        
00000bbb  newLine                       
00000a09  setRTCDay                     
00000a31  setRTCHour                    
00000a59  setRTCMinute                  
000009e1  setRTCMonth                   
000009b9  setRTCYear                    
00000329  set_DCO                       
0000099d  startRTC                      
00000b95  writeDigit                    
00000b6b  write_UART                    


GLOBAL SYMBOLS: SORTED BY Symbol Address 

address   name                          
-------   ----                          
00000000  __TI_static_base__            
00000000  interruptVectors              
000000e5  delay_ms                      
0000018f  delay_us                      
00000200  __STACK_SIZE                  
00000329  set_DCO                       
00000447  delay_us_48_MHZ               
000004a5  SystemCoreClockUpdate         
0000071d  SystemInit                    
000007d9  InitI2C                       
0000082d  WriteI2C                      
00000895  ReadI2C                       
00000919  EUSCIB0_IRQHandler            
00000919  EUSCIB0_IRQHandler            
00000975  initRTC                       
0000099d  startRTC                      
000009b9  setRTCYear                    
000009cd  getRTCYear                    
000009e1  setRTCMonth                   
000009f5  getRTCMonth                   
00000a09  setRTCDay                     
00000a1d  getRTCDay                     
00000a31  setRTCHour                    
00000a45  getRTCHour                    
00000a59  setRTCMinute                  
00000a6d  getRTCMinute                  
00000a81  getCurrentTime                
00000a9f  RTC_C_IRQHandler              
00000a9f  RTC_C_IRQHandler              
00000ae9  initUART                      
00000b39  initUARTWriteOnly             
00000b6b  write_UART                    
00000b95  writeDigit                    
00000bbb  newLine                       
00000bd9  EUSCIA0_IRQHandler            
00000bd9  EUSCIA0_IRQHandler            
00000c25  __aeabi_memcpy                
00000c25  __aeabi_memcpy4               
00000c25  __aeabi_memcpy8               
00000c25  memcpy                        
00000cc1  __TI_decompress_lzss          
00000d29  __TI_auto_init_nobinit_nopinit
00000d6d  _c_int00_noargs               
00000da1  main                          
00000dd5  __TI_decompress_none          
00000de3  Reset_Handler                 
00000def  ADC14_IRQHandler              
00000def  AES256_IRQHandler             
00000def  BusFault_Handler              
00000def  COMP_E0_IRQHandler            
00000def  COMP_E1_IRQHandler            
00000def  CS_IRQHandler                 
00000def  DMA_ERR_IRQHandler            
00000def  DMA_INT0_IRQHandler           
00000def  DMA_INT1_IRQHandler           
00000def  DMA_INT2_IRQHandler           
00000def  DMA_INT3_IRQHandler           
00000def  DebugMon_Handler              
00000def  Default_Handler               
00000def  EUSCIA1_IRQHandler            
00000def  EUSCIA2_IRQHandler            
00000def  EUSCIA3_IRQHandler            
00000def  EUSCIB1_IRQHandler            
00000def  EUSCIB2_IRQHandler            
00000def  EUSCIB3_IRQHandler            
00000def  FLCTL_IRQHandler              
00000def  FPU_IRQHandler                
00000def  HardFault_Handler             
00000def  MemManage_Handler             
00000def  NMI_Handler                   
00000def  PCM_IRQHandler                
00000def  PORT1_IRQHandler              
00000def  PORT2_IRQHandler              
00000def  PORT3_IRQHandler              
00000def  PORT4_IRQHandler              
00000def  PORT5_IRQHandler              
00000def  PORT6_IRQHandler              
00000def  PSS_IRQHandler                
00000def  PendSV_Handler                
00000def  SVC_Handler                   
00000def  SysTick_Handler               
00000def  T32_INT1_IRQHandler           
00000def  T32_INT2_IRQHandler           
00000def  T32_INTC_IRQHandler           
00000def  TA0_0_IRQHandler              
00000def  TA0_N_IRQHandler              
00000def  TA1_0_IRQHandler              
00000def  TA1_N_IRQHandler              
00000def  TA2_0_IRQHandler              
00000def  TA2_N_IRQHandler              
00000def  TA3_0_IRQHandler              
00000def  TA3_N_IRQHandler              
00000def  UsageFault_Handler            
00000def  WDT_A_IRQHandler              
00000df1  _system_pre_init              
00000df5  C$$EXIT                       
00000df5  abort                         
00000e04  __TI_Handler_Table_Base       
00000e0c  __TI_CINIT_Base               
00000e0c  __TI_Handler_Table_Limit      
00000e14  __TI_CINIT_Limit              
20000000  SystemCoreClock               
20000004  TransmitFlag                  
2000fe00  __stack                       
20010000  __STACK_END                   
4000480c  WDTCTL_SYM                    
ffffffff  __TI_pprof_out_hndl           
ffffffff  __TI_prof_data_size           
ffffffff  __TI_prof_data_start          
ffffffff  __binit__                     
ffffffff  __c_args__                    
ffffffff  binit                         
UNDEFED   __mpu_init                    
UNDEFED   _system_post_cinit            

[114 symbols]
