******************************************************************************
                  TI ARM Linker Unix v18.12.1                  
******************************************************************************
>> Linked Wed Jan 29 18:03:10 2020

OUTPUT FILE NAME:   <SolarTracker.out>
ENTRY POINT SYMBOL: "_c_int00_noargs"  address: 00000c85


MEMORY CONFIGURATION

         name            origin    length      used     unused   attr    fill
----------------------  --------  ---------  --------  --------  ----  --------
  MAIN                  00000000   00040000  00000cf4  0003f30c  R  X
  INFO                  00200000   00004000  00000000  00004000  R  X
  SRAM_CODE             01000000   00010000  00000204  0000fdfc  RW X
  SRAM_DATA             20000000   00010000  00000204  0000fdfc  RW  


SEGMENT ALLOCATION MAP

run origin  load origin   length   init length attrs members
----------  ----------- ---------- ----------- ----- -------
00000000    00000000    00000cf8   00000cf8    r-x
  00000000    00000000    000000e4   000000e4    r-- .intvecs
  000000e4    000000e4    00000bf8   00000bf8    r-x .text
  00000ce0    00000ce0    00000018   00000018    r-- .cinit
20000000    20000000    00000004   00000000    rw-
  20000000    20000000    00000004   00000000    rw- .data
2000fe00    2000fe00    00000200   00000000    rw-
  2000fe00    2000fe00    00000200   00000000    rw- .stack


SECTION ALLOCATION MAP

 output                                  attributes/
section   page    origin      length       input sections
--------  ----  ----------  ----------   ----------------
.intvecs   0    00000000    000000e4     
                  00000000    000000e4     startup_msp432p401r_ccs.obj (.intvecs:retain)

.text      0    000000e4    00000bf8     
                  000000e4    000003c0     delay.obj (.text)
                  000004a4    00000334     system_msp432p401r.obj (.text)
                  000007d8    00000190     RTC.obj (.text)
                  00000968    0000013c     UART.obj (.text)
                  00000aa4    0000009c     rtsv7M4_T_le_v4SPD16_eabi.lib : memcpy_t2.asm.obj (.text)
                  00000b40    00000098     main.obj (.text)
                  00000bd8    00000068     rtsv7M4_T_le_v4SPD16_eabi.lib : copy_decompress_lzss.c.obj (.text:decompress:lzss:__TI_decompress_lzss)
                  00000c40    00000044                                   : autoinit.c.obj (.text:__TI_auto_init_nobinit_nopinit:__TI_auto_init_nobinit_nopinit)
                  00000c84    00000034                                   : boot_cortex_m.c.obj (.text:_c_int00_noargs:_c_int00_noargs)
                  00000cb8    0000000e                                   : copy_decompress_none.c.obj (.text:decompress:none:__TI_decompress_none)
                  00000cc6    0000000e     startup_msp432p401r_ccs.obj (.text)
                  00000cd4    00000004     rtsv7M4_T_le_v4SPD16_eabi.lib : pre_init.c.obj (.text:_system_pre_init)
                  00000cd8    00000004                                   : exit.c.obj (.text:abort:abort)

.cinit     0    00000ce0    00000018     
                  00000ce0    00000008     (.cinit..data.load) [load image, compression = lzss]
                  00000ce8    00000008     (__TI_handler_table)
                  00000cf0    00000008     (__TI_cinit_table)

.init_array 
*          0    00000000    00000000     UNINITIALIZED

.binit     0    00000000    00000000     

.data      0    20000000    00000004     UNINITIALIZED
                  20000000    00000004     system_msp432p401r.obj (.data)

.stack     0    2000fe00    00000200     UNINITIALIZED
                  2000fe00    00000004     rtsv7M4_T_le_v4SPD16_eabi.lib : boot_cortex_m.c.obj (.stack)
                  2000fe04    000001fc     --HOLE--

MODULE SUMMARY

       Module                        code   ro data   rw data
       ------                        ----   -------   -------
    ./
       delay.obj                     960    0         0      
       system_msp432p401r.obj        820    0         8      
       RTC.obj                       400    0         0      
       UART.obj                      316    0         0      
       startup_msp432p401r_ccs.obj   14     228       0      
       main.obj                      152    0         0      
    +--+-----------------------------+------+---------+---------+
       Total:                        2662   228       8      
                                                             
    /Applications/ti/ccs900/ccs/tools/compiler/ti-cgt-arm_18.12.1.LTS/lib/rtsv7M4_T_le_v4SPD16_eabi.lib
       memcpy_t2.asm.obj             156    0         0      
       copy_decompress_lzss.c.obj    104    0         0      
       autoinit.c.obj                68     0         0      
       boot_cortex_m.c.obj           52     0         0      
       copy_decompress_none.c.obj    14     0         0      
       exit.c.obj                    4      0         0      
       pre_init.c.obj                4      0         0      
    +--+-----------------------------+------+---------+---------+
       Total:                        402    0         0      
                                                             
       Stack:                        0      0         1024   
       Linker Generated:             0      24        0      
    +--+-----------------------------+------+---------+---------+
       Grand Total:                  3064   252       1032   


LINKER GENERATED COPY TABLES

__TI_cinit_table @ 00000cf0 records: 1, size/record: 8, table size: 8
	.data: load addr=00000ce0, load size=00000008 bytes, run addr=20000000, run size=00000004 bytes, compression=lzss


LINKER GENERATED HANDLER TABLE

__TI_handler_table @ 00000ce8 records: 2, size/record: 4, table size: 8
	index: 0, handler: __TI_decompress_lzss
	index: 1, handler: __TI_decompress_none


GLOBAL SYMBOLS: SORTED ALPHABETICALLY BY Name 

address   name                          
-------   ----                          
00000cd3  ADC14_IRQHandler              
00000cd3  AES256_IRQHandler             
00000cd3  BusFault_Handler              
00000cd9  C$$EXIT                       
00000cd3  COMP_E0_IRQHandler            
00000cd3  COMP_E1_IRQHandler            
00000cd3  CS_IRQHandler                 
00000cd3  DMA_ERR_IRQHandler            
00000cd3  DMA_INT0_IRQHandler           
00000cd3  DMA_INT1_IRQHandler           
00000cd3  DMA_INT2_IRQHandler           
00000cd3  DMA_INT3_IRQHandler           
00000cd3  DebugMon_Handler              
00000cd3  Default_Handler               
00000a59  EUSCIA0_IRQHandler            
00000a59  EUSCIA0_IRQHandler            
00000cd3  EUSCIA1_IRQHandler            
00000cd3  EUSCIA2_IRQHandler            
00000cd3  EUSCIA3_IRQHandler            
00000cd3  EUSCIB0_IRQHandler            
00000cd3  EUSCIB1_IRQHandler            
00000cd3  EUSCIB2_IRQHandler            
00000cd3  EUSCIB3_IRQHandler            
00000cd3  FLCTL_IRQHandler              
00000cd3  FPU_IRQHandler                
00000cd3  HardFault_Handler             
00000cd3  MemManage_Handler             
00000cd3  NMI_Handler                   
00000cd3  PCM_IRQHandler                
00000cd3  PORT1_IRQHandler              
00000cd3  PORT2_IRQHandler              
00000cd3  PORT3_IRQHandler              
00000cd3  PORT4_IRQHandler              
00000cd3  PORT5_IRQHandler              
00000cd3  PORT6_IRQHandler              
00000cd3  PSS_IRQHandler                
00000cd3  PendSV_Handler                
00000903  RTC_C_IRQHandler              
00000903  RTC_C_IRQHandler              
00000cc7  Reset_Handler                 
00000cd3  SVC_Handler                   
00000cd3  SysTick_Handler               
20000000  SystemCoreClock               
000004a5  SystemCoreClockUpdate         
0000071d  SystemInit                    
00000cd3  T32_INT1_IRQHandler           
00000cd3  T32_INT2_IRQHandler           
00000cd3  T32_INTC_IRQHandler           
00000cd3  TA0_0_IRQHandler              
00000cd3  TA0_N_IRQHandler              
00000cd3  TA1_0_IRQHandler              
00000cd3  TA1_N_IRQHandler              
00000cd3  TA2_0_IRQHandler              
00000cd3  TA2_N_IRQHandler              
00000cd3  TA3_0_IRQHandler              
00000cd3  TA3_N_IRQHandler              
00000cd3  UsageFault_Handler            
4000480c  WDTCTL_SYM                    
00000cd3  WDT_A_IRQHandler              
20010000  __STACK_END                   
00000200  __STACK_SIZE                  
00000cf0  __TI_CINIT_Base               
00000cf8  __TI_CINIT_Limit              
00000ce8  __TI_Handler_Table_Base       
00000cf0  __TI_Handler_Table_Limit      
00000c41  __TI_auto_init_nobinit_nopinit
00000bd9  __TI_decompress_lzss          
00000cb9  __TI_decompress_none          
ffffffff  __TI_pprof_out_hndl           
ffffffff  __TI_prof_data_size           
ffffffff  __TI_prof_data_start          
00000000  __TI_static_base__            
00000aa5  __aeabi_memcpy                
00000aa5  __aeabi_memcpy4               
00000aa5  __aeabi_memcpy8               
ffffffff  __binit__                     
ffffffff  __c_args__                    
UNDEFED   __mpu_init                    
2000fe00  __stack                       
00000c85  _c_int00_noargs               
UNDEFED   _system_post_cinit            
00000cd5  _system_pre_init              
00000cd9  abort                         
ffffffff  binit                         
000000e5  delay_ms                      
0000018f  delay_us                      
00000447  delay_us_48_MHZ               
000008e5  getCurrentTime                
00000881  getRTCDay                     
000008a9  getRTCHour                    
000008d1  getRTCMinute                  
00000859  getRTCMonth                   
00000831  getRTCYear                    
000007d9  initRTC                       
00000969  initUART                      
000009b9  initUARTWriteOnly             
00000000  interruptVectors              
00000b41  main                          
00000aa5  memcpy                        
00000a3b  newLine                       
0000086d  setRTCDay                     
00000895  setRTCHour                    
000008bd  setRTCMinute                  
00000845  setRTCMonth                   
0000081d  setRTCYear                    
00000329  set_DCO                       
00000801  startRTC                      
00000a15  writeDigit                    
000009eb  write_UART                    


GLOBAL SYMBOLS: SORTED BY Symbol Address 

address   name                          
-------   ----                          
00000000  __TI_static_base__            
00000000  interruptVectors              
000000e5  delay_ms                      
0000018f  delay_us                      
00000200  __STACK_SIZE                  
00000329  set_DCO                       
00000447  delay_us_48_MHZ               
000004a5  SystemCoreClockUpdate         
0000071d  SystemInit                    
000007d9  initRTC                       
00000801  startRTC                      
0000081d  setRTCYear                    
00000831  getRTCYear                    
00000845  setRTCMonth                   
00000859  getRTCMonth                   
0000086d  setRTCDay                     
00000881  getRTCDay                     
00000895  setRTCHour                    
000008a9  getRTCHour                    
000008bd  setRTCMinute                  
000008d1  getRTCMinute                  
000008e5  getCurrentTime                
00000903  RTC_C_IRQHandler              
00000903  RTC_C_IRQHandler              
00000969  initUART                      
000009b9  initUARTWriteOnly             
000009eb  write_UART                    
00000a15  writeDigit                    
00000a3b  newLine                       
00000a59  EUSCIA0_IRQHandler            
00000a59  EUSCIA0_IRQHandler            
00000aa5  __aeabi_memcpy                
00000aa5  __aeabi_memcpy4               
00000aa5  __aeabi_memcpy8               
00000aa5  memcpy                        
00000b41  main                          
00000bd9  __TI_decompress_lzss          
00000c41  __TI_auto_init_nobinit_nopinit
00000c85  _c_int00_noargs               
00000cb9  __TI_decompress_none          
00000cc7  Reset_Handler                 
00000cd3  ADC14_IRQHandler              
00000cd3  AES256_IRQHandler             
00000cd3  BusFault_Handler              
00000cd3  COMP_E0_IRQHandler            
00000cd3  COMP_E1_IRQHandler            
00000cd3  CS_IRQHandler                 
00000cd3  DMA_ERR_IRQHandler            
00000cd3  DMA_INT0_IRQHandler           
00000cd3  DMA_INT1_IRQHandler           
00000cd3  DMA_INT2_IRQHandler           
00000cd3  DMA_INT3_IRQHandler           
00000cd3  DebugMon_Handler              
00000cd3  Default_Handler               
00000cd3  EUSCIA1_IRQHandler            
00000cd3  EUSCIA2_IRQHandler            
00000cd3  EUSCIA3_IRQHandler            
00000cd3  EUSCIB0_IRQHandler            
00000cd3  EUSCIB1_IRQHandler            
00000cd3  EUSCIB2_IRQHandler            
00000cd3  EUSCIB3_IRQHandler            
00000cd3  FLCTL_IRQHandler              
00000cd3  FPU_IRQHandler                
00000cd3  HardFault_Handler             
00000cd3  MemManage_Handler             
00000cd3  NMI_Handler                   
00000cd3  PCM_IRQHandler                
00000cd3  PORT1_IRQHandler              
00000cd3  PORT2_IRQHandler              
00000cd3  PORT3_IRQHandler              
00000cd3  PORT4_IRQHandler              
00000cd3  PORT5_IRQHandler              
00000cd3  PORT6_IRQHandler              
00000cd3  PSS_IRQHandler                
00000cd3  PendSV_Handler                
00000cd3  SVC_Handler                   
00000cd3  SysTick_Handler               
00000cd3  T32_INT1_IRQHandler           
00000cd3  T32_INT2_IRQHandler           
00000cd3  T32_INTC_IRQHandler           
00000cd3  TA0_0_IRQHandler              
00000cd3  TA0_N_IRQHandler              
00000cd3  TA1_0_IRQHandler              
00000cd3  TA1_N_IRQHandler              
00000cd3  TA2_0_IRQHandler              
00000cd3  TA2_N_IRQHandler              
00000cd3  TA3_0_IRQHandler              
00000cd3  TA3_N_IRQHandler              
00000cd3  UsageFault_Handler            
00000cd3  WDT_A_IRQHandler              
00000cd5  _system_pre_init              
00000cd9  C$$EXIT                       
00000cd9  abort                         
00000ce8  __TI_Handler_Table_Base       
00000cf0  __TI_CINIT_Base               
00000cf0  __TI_Handler_Table_Limit      
00000cf8  __TI_CINIT_Limit              
20000000  SystemCoreClock               
2000fe00  __stack                       
20010000  __STACK_END                   
4000480c  WDTCTL_SYM                    
ffffffff  __TI_pprof_out_hndl           
ffffffff  __TI_prof_data_size           
ffffffff  __TI_prof_data_start          
ffffffff  __binit__                     
ffffffff  __c_args__                    
ffffffff  binit                         
UNDEFED   __mpu_init                    
UNDEFED   _system_post_cinit            

[109 symbols]
