******************************************************************************
                  TI ARM Linker PC v18.12.1                    
******************************************************************************
>> Linked Wed Feb 12 15:53:36 2020

OUTPUT FILE NAME:   <SolarTracker.out>
ENTRY POINT SYMBOL: "_c_int00_noargs"  address: 000012c5


MEMORY CONFIGURATION

         name            origin    length      used     unused   attr    fill
----------------------  --------  ---------  --------  --------  ----  --------
  MAIN                  00000000   00040000  00001392  0003ec6e  R  X
  INFO                  00200000   00004000  00000000  00004000  R  X
  SRAM_CODE             01000000   00010000  00000207  0000fdf9  RW X
  SRAM_DATA             20000000   00010000  00000207  0000fdf9  RW  


SEGMENT ALLOCATION MAP

run origin  load origin   length   init length attrs members
----------  ----------- ---------- ----------- ----- -------
00000000    00000000    00001398   00001398    r-x
  00000000    00000000    000000e4   000000e4    r-- .intvecs
  000000e4    000000e4    0000127e   0000127e    r-x .text
  00001368    00001368    00000030   00000030    r-- .cinit
20000000    20000000    00000007   00000000    rw-
  20000000    20000000    00000006   00000000    rw- .data
  20000006    20000006    00000001   00000000    rw- .bss
2000fe00    2000fe00    00000200   00000000    rw-
  2000fe00    2000fe00    00000200   00000000    rw- .stack


SECTION ALLOCATION MAP

 output                                  attributes/
section   page    origin      length       input sections
--------  ----  ----------  ----------   ----------------
.intvecs   0    00000000    000000e4     
                  00000000    000000e4     startup_msp432p401r_ccs.obj (.intvecs:retain)

.text      0    000000e4    0000127e     
                  000000e4    000003fc     Keypad.obj (.text)
                  000004e0    000003c0     delay.obj (.text)
                  000008a0    00000334     system_msp432p401r.obj (.text)
                  00000bd4    000002fc     I2C.obj (.text)
                  00000ed0    00000170     RTC.obj (.text)
                  00001040    0000013c     UART.obj (.text)
                  0000117c    0000009c     rtsv7M4_T_le_v4SPD16_eabi.lib : memcpy_t2.asm.obj (.text)
                  00001218    00000068                                   : copy_decompress_lzss.c.obj (.text:decompress:lzss:__TI_decompress_lzss)
                  00001280    00000044                                   : autoinit.c.obj (.text:__TI_auto_init_nobinit_nopinit:__TI_auto_init_nobinit_nopinit)
                  000012c4    00000034                                   : boot_cortex_m.c.obj (.text:_c_int00_noargs:_c_int00_noargs)
                  000012f8    00000034     main.obj (.text)
                  0000132c    00000012     rtsv7M4_T_le_v4SPD16_eabi.lib : copy_zero_init.c.obj (.text:decompress:ZI:__TI_zero_init_nomemset:__TI_zero_init_nomemset)
                  0000133e    0000000e                                   : copy_decompress_none.c.obj (.text:decompress:none:__TI_decompress_none)
                  0000134c    0000000e     startup_msp432p401r_ccs.obj (.text)
                  0000135a    00000004     rtsv7M4_T_le_v4SPD16_eabi.lib : pre_init.c.obj (.text:_system_pre_init)
                  0000135e    00000004                                   : exit.c.obj (.text:abort:abort)

.cinit     0    00001368    00000030     
                  00001368    0000000c     (__TI_handler_table)
                  00001374    0000000a     (.cinit..data.load) [load image, compression = lzss]
                  0000137e    00000002     --HOLE-- [fill = 0]
                  00001380    00000008     (.cinit..bss.load) [load image, compression = zero_init]
                  00001388    00000010     (__TI_cinit_table)

.init_array 
*          0    00000000    00000000     UNINITIALIZED

.binit     0    00000000    00000000     

.data      0    20000000    00000006     UNINITIALIZED
                  20000000    00000004     system_msp432p401r.obj (.data)
                  20000004    00000002     I2C.obj (.data)

.bss       0    20000006    00000001     UNINITIALIZED
                  20000006    00000001     Keypad.obj (.bss)

.stack     0    2000fe00    00000200     UNINITIALIZED
                  2000fe00    00000004     rtsv7M4_T_le_v4SPD16_eabi.lib : boot_cortex_m.c.obj (.stack)
                  2000fe04    000001fc     --HOLE--

MODULE SUMMARY

       Module                        code   ro data   rw data
       ------                        ----   -------   -------
    .\
       Keypad.obj                    1020   0         2      
       delay.obj                     960    0         0      
       system_msp432p401r.obj        820    0         8      
       I2C.obj                       764    0         4      
       RTC.obj                       368    0         0      
       UART.obj                      316    0         0      
       startup_msp432p401r_ccs.obj   14     228       0      
       main.obj                      52     0         0      
    +--+-----------------------------+------+---------+---------+
       Total:                        4314   228       14     
                                                             
    C:\ti\ccs900\ccs\tools\compiler\ti-cgt-arm_18.12.1.LTS\lib\rtsv7M4_T_le_v4SPD16_eabi.lib
       memcpy_t2.asm.obj             156    0         0      
       copy_decompress_lzss.c.obj    104    0         0      
       autoinit.c.obj                68     0         0      
       boot_cortex_m.c.obj           52     0         0      
       copy_zero_init.c.obj          18     0         0      
       copy_decompress_none.c.obj    14     0         0      
       exit.c.obj                    4      0         0      
       pre_init.c.obj                4      0         0      
    +--+-----------------------------+------+---------+---------+
       Total:                        420    0         0      
                                                             
       Stack:                        0      0         1024   
       Linker Generated:             0      46        0      
    +--+-----------------------------+------+---------+---------+
       Grand Total:                  4734   274       1038   


LINKER GENERATED COPY TABLES

__TI_cinit_table @ 00001388 records: 2, size/record: 8, table size: 16
	.data: load addr=00001374, load size=0000000a bytes, run addr=20000000, run size=00000006 bytes, compression=lzss
	.bss: load addr=00001380, load size=00000008 bytes, run addr=20000006, run size=00000001 bytes, compression=zero_init


LINKER GENERATED HANDLER TABLE

__TI_handler_table @ 00001368 records: 3, size/record: 4, table size: 12
	index: 0, handler: __TI_decompress_lzss
	index: 1, handler: __TI_decompress_none
	index: 2, handler: __TI_zero_init


GLOBAL SYMBOLS: SORTED ALPHABETICALLY BY Name 

address   name                          
-------   ----                          
00001359  ADC14_IRQHandler              
00001359  AES256_IRQHandler             
00001359  BusFault_Handler              
0000135f  C$$EXIT                       
00001359  COMP_E0_IRQHandler            
00001359  COMP_E1_IRQHandler            
00001359  CS_IRQHandler                 
00001359  DMA_ERR_IRQHandler            
00001359  DMA_INT0_IRQHandler           
00001359  DMA_INT1_IRQHandler           
00001359  DMA_INT2_IRQHandler           
00001359  DMA_INT3_IRQHandler           
00001359  DebugMon_Handler              
00001359  Default_Handler               
00001131  EUSCIA0_IRQHandler            
00001131  EUSCIA0_IRQHandler            
00001359  EUSCIA1_IRQHandler            
00001359  EUSCIA2_IRQHandler            
00001359  EUSCIA3_IRQHandler            
00000e57  EUSCIB0_IRQHandler            
00000e57  EUSCIB0_IRQHandler            
00001359  EUSCIB1_IRQHandler            
00001359  EUSCIB2_IRQHandler            
00001359  EUSCIB3_IRQHandler            
00001359  FLCTL_IRQHandler              
00001359  FPU_IRQHandler                
00001359  HardFault_Handler             
00000bd5  InitI2C                       
000002e9  Keypad_GetKey                 
000000e5  Keypad_Init                   
00001359  MemManage_Handler             
00001359  NMI_Handler                   
00001359  PCM_IRQHandler                
00001359  PORT1_IRQHandler              
00001359  PORT2_IRQHandler              
00001359  PORT3_IRQHandler              
00001359  PORT4_IRQHandler              
00000167  PORT5_IRQHandler              
00000167  PORT5_IRQHandler              
00001359  PORT6_IRQHandler              
00001359  PSS_IRQHandler                
00001359  PendSV_Handler                
00000ff9  RTC_C_IRQHandler              
00000ff9  RTC_C_IRQHandler              
00000dad  ReadI2C_MultiByte             
00000c95  ReadI2C_SingleByte            
0000134d  Reset_Handler                 
00001359  SVC_Handler                   
00001359  SysTick_Handler               
20000000  SystemCoreClock               
000008a1  SystemCoreClockUpdate         
00000b19  SystemInit                    
00001359  T32_INT1_IRQHandler           
00001359  T32_INT2_IRQHandler           
00001359  T32_INTC_IRQHandler           
00001359  TA0_0_IRQHandler              
00001359  TA0_N_IRQHandler              
00001359  TA1_0_IRQHandler              
00001359  TA1_N_IRQHandler              
00001359  TA2_0_IRQHandler              
00001359  TA2_N_IRQHandler              
00001359  TA3_0_IRQHandler              
00001359  TA3_N_IRQHandler              
00001359  UsageFault_Handler            
4000480c  WDTCTL_SYM                    
00001359  WDT_A_IRQHandler              
00000d19  WriteI2C_MultiByte            
00000c2d  WriteI2C_SingleByte           
20010000  __STACK_END                   
00000200  __STACK_SIZE                  
00001388  __TI_CINIT_Base               
00001398  __TI_CINIT_Limit              
00001368  __TI_Handler_Table_Base       
00001374  __TI_Handler_Table_Limit      
00001281  __TI_auto_init_nobinit_nopinit
00001219  __TI_decompress_lzss          
0000133f  __TI_decompress_none          
ffffffff  __TI_pprof_out_hndl           
ffffffff  __TI_prof_data_size           
ffffffff  __TI_prof_data_start          
00000000  __TI_static_base__            
0000132d  __TI_zero_init_nomemset       
0000117d  __aeabi_memcpy                
0000117d  __aeabi_memcpy4               
0000117d  __aeabi_memcpy8               
ffffffff  __binit__                     
ffffffff  __c_args__                    
UNDEFED   __mpu_init                    
2000fe00  __stack                       
000012c5  _c_int00_noargs               
UNDEFED   _system_post_cinit            
0000135b  _system_pre_init              
0000135f  abort                         
ffffffff  binit                         
000004e1  delay_ms                      
0000058b  delay_us                      
00000843  delay_us_48_MHZ               
00000fdb  getCurrentTime                
00000f77  getRTCDay                     
00000f9f  getRTCHour                    
00000fc7  getRTCMinute                  
00000f4f  getRTCMonth                   
00000f27  getRTCYear                    
00000ed1  initRTC                       
00001041  initUART                      
00001091  initUARTWriteOnly             
00000000  interruptVectors              
0000017d  keypad_setkey                 
0000033d  keypad_testkey                
000012f9  main                          
0000117d  memcpy                        
00001113  newLine                       
00000f63  setRTCDay                     
00000f8b  setRTCHour                    
00000fb3  setRTCMinute                  
00000f3b  setRTCMonth                   
00000f13  setRTCYear                    
00000725  set_DCO                       
00000ef9  startRTC                      
000010ed  writeDigit                    
000010c3  write_UART                    


GLOBAL SYMBOLS: SORTED BY Symbol Address 

address   name                          
-------   ----                          
00000000  __TI_static_base__            
00000000  interruptVectors              
000000e5  Keypad_Init                   
00000167  PORT5_IRQHandler              
00000167  PORT5_IRQHandler              
0000017d  keypad_setkey                 
00000200  __STACK_SIZE                  
000002e9  Keypad_GetKey                 
0000033d  keypad_testkey                
000004e1  delay_ms                      
0000058b  delay_us                      
00000725  set_DCO                       
00000843  delay_us_48_MHZ               
000008a1  SystemCoreClockUpdate         
00000b19  SystemInit                    
00000bd5  InitI2C                       
00000c2d  WriteI2C_SingleByte           
00000c95  ReadI2C_SingleByte            
00000d19  WriteI2C_MultiByte            
00000dad  ReadI2C_MultiByte             
00000e57  EUSCIB0_IRQHandler            
00000e57  EUSCIB0_IRQHandler            
00000ed1  initRTC                       
00000ef9  startRTC                      
00000f13  setRTCYear                    
00000f27  getRTCYear                    
00000f3b  setRTCMonth                   
00000f4f  getRTCMonth                   
00000f63  setRTCDay                     
00000f77  getRTCDay                     
00000f8b  setRTCHour                    
00000f9f  getRTCHour                    
00000fb3  setRTCMinute                  
00000fc7  getRTCMinute                  
00000fdb  getCurrentTime                
00000ff9  RTC_C_IRQHandler              
00000ff9  RTC_C_IRQHandler              
00001041  initUART                      
00001091  initUARTWriteOnly             
000010c3  write_UART                    
000010ed  writeDigit                    
00001113  newLine                       
00001131  EUSCIA0_IRQHandler            
00001131  EUSCIA0_IRQHandler            
0000117d  __aeabi_memcpy                
0000117d  __aeabi_memcpy4               
0000117d  __aeabi_memcpy8               
0000117d  memcpy                        
00001219  __TI_decompress_lzss          
00001281  __TI_auto_init_nobinit_nopinit
000012c5  _c_int00_noargs               
000012f9  main                          
0000132d  __TI_zero_init_nomemset       
0000133f  __TI_decompress_none          
0000134d  Reset_Handler                 
00001359  ADC14_IRQHandler              
00001359  AES256_IRQHandler             
00001359  BusFault_Handler              
00001359  COMP_E0_IRQHandler            
00001359  COMP_E1_IRQHandler            
00001359  CS_IRQHandler                 
00001359  DMA_ERR_IRQHandler            
00001359  DMA_INT0_IRQHandler           
00001359  DMA_INT1_IRQHandler           
00001359  DMA_INT2_IRQHandler           
00001359  DMA_INT3_IRQHandler           
00001359  DebugMon_Handler              
00001359  Default_Handler               
00001359  EUSCIA1_IRQHandler            
00001359  EUSCIA2_IRQHandler            
00001359  EUSCIA3_IRQHandler            
00001359  EUSCIB1_IRQHandler            
00001359  EUSCIB2_IRQHandler            
00001359  EUSCIB3_IRQHandler            
00001359  FLCTL_IRQHandler              
00001359  FPU_IRQHandler                
00001359  HardFault_Handler             
00001359  MemManage_Handler             
00001359  NMI_Handler                   
00001359  PCM_IRQHandler                
00001359  PORT1_IRQHandler              
00001359  PORT2_IRQHandler              
00001359  PORT3_IRQHandler              
00001359  PORT4_IRQHandler              
00001359  PORT6_IRQHandler              
00001359  PSS_IRQHandler                
00001359  PendSV_Handler                
00001359  SVC_Handler                   
00001359  SysTick_Handler               
00001359  T32_INT1_IRQHandler           
00001359  T32_INT2_IRQHandler           
00001359  T32_INTC_IRQHandler           
00001359  TA0_0_IRQHandler              
00001359  TA0_N_IRQHandler              
00001359  TA1_0_IRQHandler              
00001359  TA1_N_IRQHandler              
00001359  TA2_0_IRQHandler              
00001359  TA2_N_IRQHandler              
00001359  TA3_0_IRQHandler              
00001359  TA3_N_IRQHandler              
00001359  UsageFault_Handler            
00001359  WDT_A_IRQHandler              
0000135b  _system_pre_init              
0000135f  C$$EXIT                       
0000135f  abort                         
00001368  __TI_Handler_Table_Base       
00001374  __TI_Handler_Table_Limit      
00001388  __TI_CINIT_Base               
00001398  __TI_CINIT_Limit              
20000000  SystemCoreClock               
2000fe00  __stack                       
20010000  __STACK_END                   
4000480c  WDTCTL_SYM                    
ffffffff  __TI_pprof_out_hndl           
ffffffff  __TI_prof_data_size           
ffffffff  __TI_prof_data_start          
ffffffff  __binit__                     
ffffffff  __c_args__                    
ffffffff  binit                         
UNDEFED   __mpu_init                    
UNDEFED   _system_post_cinit            

[121 symbols]
