******************************************************************************
                  TI ARM Linker Unix v18.12.1                  
******************************************************************************
>> Linked Sun Feb  9 12:19:15 2020

OUTPUT FILE NAME:   <SolarTracker.out>
ENTRY POINT SYMBOL: "_c_int00_noargs"  address: 00000eed


MEMORY CONFIGURATION

         name            origin    length      used     unused   attr    fill
----------------------  --------  ---------  --------  --------  ----  --------
  MAIN                  00000000   00040000  00000f60  0003f0a0  R  X
  INFO                  00200000   00004000  00000000  00004000  R  X
  SRAM_CODE             01000000   00010000  00000205  0000fdfb  RW X
  SRAM_DATA             20000000   00010000  00000205  0000fdfb  RW  


SEGMENT ALLOCATION MAP

run origin  load origin   length   init length attrs members
----------  ----------- ---------- ----------- ----- -------
00000000    00000000    00000f64   00000f64    r-x
  00000000    00000000    000000e4   000000e4    r-- .intvecs
  000000e4    000000e4    00000e60   00000e60    r-x .text
  00000f48    00000f48    0000001c   0000001c    r-- .cinit
20000000    20000000    00000005   00000000    rw-
  20000000    20000000    00000005   00000000    rw- .data
2000fe00    2000fe00    00000200   00000000    rw-
  2000fe00    2000fe00    00000200   00000000    rw- .stack


SECTION ALLOCATION MAP

 output                                  attributes/
section   page    origin      length       input sections
--------  ----  ----------  ----------   ----------------
.intvecs   0    00000000    000000e4     
                  00000000    000000e4     startup_msp432p401r_ccs.obj (.intvecs:retain)

.text      0    000000e4    00000e60     
                  000000e4    000003c0     delay.obj (.text)
                  000004a4    00000334     system_msp432p401r.obj (.text)
                  000007d8    000002d8     I2C.obj (.text)
                  00000ab0    00000174     RTC.obj (.text)
                  00000c24    0000013c     UART.obj (.text)
                  00000d60    0000009c     rtsv7M4_T_le_v4SPD16_eabi.lib : memcpy_t2.asm.obj (.text)
                  00000dfc    00000068                                   : copy_decompress_lzss.c.obj (.text:decompress:lzss:__TI_decompress_lzss)
                  00000e64    00000044                                   : autoinit.c.obj (.text:__TI_auto_init_nobinit_nopinit:__TI_auto_init_nobinit_nopinit)
                  00000ea8    00000044     main.obj (.text)
                  00000eec    00000034     rtsv7M4_T_le_v4SPD16_eabi.lib : boot_cortex_m.c.obj (.text:_c_int00_noargs:_c_int00_noargs)
                  00000f20    0000000e                                   : copy_decompress_none.c.obj (.text:decompress:none:__TI_decompress_none)
                  00000f2e    0000000e     startup_msp432p401r_ccs.obj (.text)
                  00000f3c    00000004     rtsv7M4_T_le_v4SPD16_eabi.lib : pre_init.c.obj (.text:_system_pre_init)
                  00000f40    00000004                                   : exit.c.obj (.text:abort:abort)

.cinit     0    00000f48    0000001c     
                  00000f48    00000009     (.cinit..data.load) [load image, compression = lzss]
                  00000f51    00000003     --HOLE-- [fill = 0]
                  00000f54    00000008     (__TI_handler_table)
                  00000f5c    00000008     (__TI_cinit_table)

.init_array 
*          0    00000000    00000000     UNINITIALIZED

.binit     0    00000000    00000000     

.data      0    20000000    00000005     UNINITIALIZED
                  20000000    00000004     system_msp432p401r.obj (.data)
                  20000004    00000001     I2C.obj (.data)

.stack     0    2000fe00    00000200     UNINITIALIZED
                  2000fe00    00000004     rtsv7M4_T_le_v4SPD16_eabi.lib : boot_cortex_m.c.obj (.stack)
                  2000fe04    000001fc     --HOLE--

MODULE SUMMARY

       Module                        code   ro data   rw data
       ------                        ----   -------   -------
    ./
       delay.obj                     960    0         0      
       system_msp432p401r.obj        820    0         8      
       I2C.obj                       728    0         2      
       RTC.obj                       372    0         0      
       UART.obj                      316    0         0      
       startup_msp432p401r_ccs.obj   14     228       0      
       main.obj                      68     0         0      
    +--+-----------------------------+------+---------+---------+
       Total:                        3278   228       10     
                                                             
    /Applications/ti/ccs900/ccs/tools/compiler/ti-cgt-arm_18.12.1.LTS/lib/rtsv7M4_T_le_v4SPD16_eabi.lib
       memcpy_t2.asm.obj             156    0         0      
       copy_decompress_lzss.c.obj    104    0         0      
       autoinit.c.obj                68     0         0      
       boot_cortex_m.c.obj           52     0         0      
       copy_decompress_none.c.obj    14     0         0      
       exit.c.obj                    4      0         0      
       pre_init.c.obj                4      0         0      
    +--+-----------------------------+------+---------+---------+
       Total:                        402    0         0      
                                                             
       Stack:                        0      0         1024   
       Linker Generated:             0      25        0      
    +--+-----------------------------+------+---------+---------+
       Grand Total:                  3680   253       1034   


LINKER GENERATED COPY TABLES

__TI_cinit_table @ 00000f5c records: 1, size/record: 8, table size: 8
	.data: load addr=00000f48, load size=00000009 bytes, run addr=20000000, run size=00000005 bytes, compression=lzss


LINKER GENERATED HANDLER TABLE

__TI_handler_table @ 00000f54 records: 2, size/record: 4, table size: 8
	index: 0, handler: __TI_decompress_lzss
	index: 1, handler: __TI_decompress_none


GLOBAL SYMBOLS: SORTED ALPHABETICALLY BY Name 

address   name                          
-------   ----                          
00000f3b  ADC14_IRQHandler              
00000f3b  AES256_IRQHandler             
00000f3b  BusFault_Handler              
00000f41  C$$EXIT                       
00000f3b  COMP_E0_IRQHandler            
00000f3b  COMP_E1_IRQHandler            
00000f3b  CS_IRQHandler                 
00000f3b  DMA_ERR_IRQHandler            
00000f3b  DMA_INT0_IRQHandler           
00000f3b  DMA_INT1_IRQHandler           
00000f3b  DMA_INT2_IRQHandler           
00000f3b  DMA_INT3_IRQHandler           
00000f3b  DebugMon_Handler              
00000f3b  Default_Handler               
00000d15  EUSCIA0_IRQHandler            
00000d15  EUSCIA0_IRQHandler            
00000f3b  EUSCIA1_IRQHandler            
00000f3b  EUSCIA2_IRQHandler            
00000f3b  EUSCIA3_IRQHandler            
00000a57  EUSCIB0_IRQHandler            
00000a57  EUSCIB0_IRQHandler            
00000f3b  EUSCIB1_IRQHandler            
00000f3b  EUSCIB2_IRQHandler            
00000f3b  EUSCIB3_IRQHandler            
00000f3b  FLCTL_IRQHandler              
00000f3b  FPU_IRQHandler                
00000f3b  HardFault_Handler             
000007d9  InitI2C                       
00000f3b  MemManage_Handler             
00000f3b  NMI_Handler                   
00000f3b  PCM_IRQHandler                
00000f3b  PORT1_IRQHandler              
00000f3b  PORT2_IRQHandler              
00000f3b  PORT3_IRQHandler              
00000f3b  PORT4_IRQHandler              
00000f3b  PORT5_IRQHandler              
00000f3b  PORT6_IRQHandler              
00000f3b  PSS_IRQHandler                
00000f3b  PendSV_Handler                
00000bdb  RTC_C_IRQHandler              
00000bdb  RTC_C_IRQHandler              
000009ad  ReadI2C_MultiByte             
00000895  ReadI2C_SingleByte            
00000f2f  Reset_Handler                 
00000f3b  SVC_Handler                   
00000f3b  SysTick_Handler               
20000000  SystemCoreClock               
000004a5  SystemCoreClockUpdate         
0000071d  SystemInit                    
00000f3b  T32_INT1_IRQHandler           
00000f3b  T32_INT2_IRQHandler           
00000f3b  T32_INTC_IRQHandler           
00000f3b  TA0_0_IRQHandler              
00000f3b  TA0_N_IRQHandler              
00000f3b  TA1_0_IRQHandler              
00000f3b  TA1_N_IRQHandler              
00000f3b  TA2_0_IRQHandler              
00000f3b  TA2_N_IRQHandler              
00000f3b  TA3_0_IRQHandler              
00000f3b  TA3_N_IRQHandler              
20000004  TransmitFlag                  
00000f3b  UsageFault_Handler            
4000480c  WDTCTL_SYM                    
00000f3b  WDT_A_IRQHandler              
00000919  WriteI2C_MultiByte            
0000082d  WriteI2C_SingleByte           
20010000  __STACK_END                   
00000200  __STACK_SIZE                  
00000f5c  __TI_CINIT_Base               
00000f64  __TI_CINIT_Limit              
00000f54  __TI_Handler_Table_Base       
00000f5c  __TI_Handler_Table_Limit      
00000e65  __TI_auto_init_nobinit_nopinit
00000dfd  __TI_decompress_lzss          
00000f21  __TI_decompress_none          
ffffffff  __TI_pprof_out_hndl           
ffffffff  __TI_prof_data_size           
ffffffff  __TI_prof_data_start          
00000000  __TI_static_base__            
00000d61  __aeabi_memcpy                
00000d61  __aeabi_memcpy4               
00000d61  __aeabi_memcpy8               
ffffffff  __binit__                     
ffffffff  __c_args__                    
UNDEFED   __mpu_init                    
2000fe00  __stack                       
00000eed  _c_int00_noargs               
UNDEFED   _system_post_cinit            
00000f3d  _system_pre_init              
00000f41  abort                         
ffffffff  binit                         
000000e5  delay_ms                      
0000018f  delay_us                      
00000447  delay_us_48_MHZ               
00000bbd  getCurrentTime                
00000b59  getRTCDay                     
00000b81  getRTCHour                    
00000ba9  getRTCMinute                  
00000b31  getRTCMonth                   
00000b09  getRTCYear                    
00000ab1  initRTC                       
00000c25  initUART                      
00000c75  initUARTWriteOnly             
00000000  interruptVectors              
00000ea9  main                          
00000d61  memcpy                        
00000cf7  newLine                       
00000b45  setRTCDay                     
00000b6d  setRTCHour                    
00000b95  setRTCMinute                  
00000b1d  setRTCMonth                   
00000af5  setRTCYear                    
00000329  set_DCO                       
00000ad9  startRTC                      
00000cd1  writeDigit                    
00000ca7  write_UART                    


GLOBAL SYMBOLS: SORTED BY Symbol Address 

address   name                          
-------   ----                          
00000000  __TI_static_base__            
00000000  interruptVectors              
000000e5  delay_ms                      
0000018f  delay_us                      
00000200  __STACK_SIZE                  
00000329  set_DCO                       
00000447  delay_us_48_MHZ               
000004a5  SystemCoreClockUpdate         
0000071d  SystemInit                    
000007d9  InitI2C                       
0000082d  WriteI2C_SingleByte           
00000895  ReadI2C_SingleByte            
00000919  WriteI2C_MultiByte            
000009ad  ReadI2C_MultiByte             
00000a57  EUSCIB0_IRQHandler            
00000a57  EUSCIB0_IRQHandler            
00000ab1  initRTC                       
00000ad9  startRTC                      
00000af5  setRTCYear                    
00000b09  getRTCYear                    
00000b1d  setRTCMonth                   
00000b31  getRTCMonth                   
00000b45  setRTCDay                     
00000b59  getRTCDay                     
00000b6d  setRTCHour                    
00000b81  getRTCHour                    
00000b95  setRTCMinute                  
00000ba9  getRTCMinute                  
00000bbd  getCurrentTime                
00000bdb  RTC_C_IRQHandler              
00000bdb  RTC_C_IRQHandler              
00000c25  initUART                      
00000c75  initUARTWriteOnly             
00000ca7  write_UART                    
00000cd1  writeDigit                    
00000cf7  newLine                       
00000d15  EUSCIA0_IRQHandler            
00000d15  EUSCIA0_IRQHandler            
00000d61  __aeabi_memcpy                
00000d61  __aeabi_memcpy4               
00000d61  __aeabi_memcpy8               
00000d61  memcpy                        
00000dfd  __TI_decompress_lzss          
00000e65  __TI_auto_init_nobinit_nopinit
00000ea9  main                          
00000eed  _c_int00_noargs               
00000f21  __TI_decompress_none          
00000f2f  Reset_Handler                 
00000f3b  ADC14_IRQHandler              
00000f3b  AES256_IRQHandler             
00000f3b  BusFault_Handler              
00000f3b  COMP_E0_IRQHandler            
00000f3b  COMP_E1_IRQHandler            
00000f3b  CS_IRQHandler                 
00000f3b  DMA_ERR_IRQHandler            
00000f3b  DMA_INT0_IRQHandler           
00000f3b  DMA_INT1_IRQHandler           
00000f3b  DMA_INT2_IRQHandler           
00000f3b  DMA_INT3_IRQHandler           
00000f3b  DebugMon_Handler              
00000f3b  Default_Handler               
00000f3b  EUSCIA1_IRQHandler            
00000f3b  EUSCIA2_IRQHandler            
00000f3b  EUSCIA3_IRQHandler            
00000f3b  EUSCIB1_IRQHandler            
00000f3b  EUSCIB2_IRQHandler            
00000f3b  EUSCIB3_IRQHandler            
00000f3b  FLCTL_IRQHandler              
00000f3b  FPU_IRQHandler                
00000f3b  HardFault_Handler             
00000f3b  MemManage_Handler             
00000f3b  NMI_Handler                   
00000f3b  PCM_IRQHandler                
00000f3b  PORT1_IRQHandler              
00000f3b  PORT2_IRQHandler              
00000f3b  PORT3_IRQHandler              
00000f3b  PORT4_IRQHandler              
00000f3b  PORT5_IRQHandler              
00000f3b  PORT6_IRQHandler              
00000f3b  PSS_IRQHandler                
00000f3b  PendSV_Handler                
00000f3b  SVC_Handler                   
00000f3b  SysTick_Handler               
00000f3b  T32_INT1_IRQHandler           
00000f3b  T32_INT2_IRQHandler           
00000f3b  T32_INTC_IRQHandler           
00000f3b  TA0_0_IRQHandler              
00000f3b  TA0_N_IRQHandler              
00000f3b  TA1_0_IRQHandler              
00000f3b  TA1_N_IRQHandler              
00000f3b  TA2_0_IRQHandler              
00000f3b  TA2_N_IRQHandler              
00000f3b  TA3_0_IRQHandler              
00000f3b  TA3_N_IRQHandler              
00000f3b  UsageFault_Handler            
00000f3b  WDT_A_IRQHandler              
00000f3d  _system_pre_init              
00000f41  C$$EXIT                       
00000f41  abort                         
00000f54  __TI_Handler_Table_Base       
00000f5c  __TI_CINIT_Base               
00000f5c  __TI_Handler_Table_Limit      
00000f64  __TI_CINIT_Limit              
20000000  SystemCoreClock               
20000004  TransmitFlag                  
2000fe00  __stack                       
20010000  __STACK_END                   
4000480c  WDTCTL_SYM                    
ffffffff  __TI_pprof_out_hndl           
ffffffff  __TI_prof_data_size           
ffffffff  __TI_prof_data_start          
ffffffff  __binit__                     
ffffffff  __c_args__                    
ffffffff  binit                         
UNDEFED   __mpu_init                    
UNDEFED   _system_post_cinit            

[116 symbols]
