******************************************************************************
                  TI ARM Linker Unix v18.12.1                  
******************************************************************************
>> Linked Sat Feb 29 20:57:12 2020

OUTPUT FILE NAME:   <SolarTracker.out>
ENTRY POINT SYMBOL: "_c_int00_noargs"  address: 0000138d


MEMORY CONFIGURATION

         name            origin    length      used     unused   attr    fill
----------------------  --------  ---------  --------  --------  ----  --------
  MAIN                  00000000   00040000  00001404  0003ebfc  R  X
  INFO                  00200000   00004000  00000000  00004000  R  X
  SRAM_CODE             01000000   00010000  00000208  0000fdf8  RW X
  SRAM_DATA             20000000   00010000  00000208  0000fdf8  RW  


SEGMENT ALLOCATION MAP

run origin  load origin   length   init length attrs members
----------  ----------- ---------- ----------- ----- -------
00000000    00000000    00001408   00001408    r-x
  00000000    00000000    000000e4   000000e4    r-- .intvecs
  000000e4    000000e4    00001300   00001300    r-x .text
  000013e8    000013e8    00000020   00000020    r-- .cinit
20000000    20000000    00000008   00000000    rw-
  20000000    20000000    00000008   00000000    rw- .data
2000fe00    2000fe00    00000200   00000000    rw-
  2000fe00    2000fe00    00000200   00000000    rw- .stack


SECTION ALLOCATION MAP

 output                                  attributes/
section   page    origin      length       input sections
--------  ----  ----------  ----------   ----------------
.intvecs   0    00000000    000000e4     
                  00000000    000000e4     startup_msp432p401r_ccs.obj (.intvecs:retain)

.text      0    000000e4    00001300     
                  000000e4    00000486     Keypad.obj (.text)
                  0000056a    00000002     --HOLE-- [fill = 0]
                  0000056c    000003c0     delay.obj (.text)
                  0000092c    00000334     system_msp432p401r.obj (.text)
                  00000c60    000002fc     I2C.obj (.text)
                  00000f5c    00000170     RTC.obj (.text)
                  000010cc    0000013c     UART.obj (.text)
                  00001208    0000009c     rtsv7M4_T_le_v4SPD16_eabi.lib : memcpy_t2.asm.obj (.text)
                  000012a4    00000068                                   : copy_decompress_lzss.c.obj (.text:decompress:lzss:__TI_decompress_lzss)
                  0000130c    00000044                                   : autoinit.c.obj (.text:__TI_auto_init_nobinit_nopinit:__TI_auto_init_nobinit_nopinit)
                  00001350    0000003c     main.obj (.text)
                  0000138c    00000034     rtsv7M4_T_le_v4SPD16_eabi.lib : boot_cortex_m.c.obj (.text:_c_int00_noargs:_c_int00_noargs)
                  000013c0    0000000e                                   : copy_decompress_none.c.obj (.text:decompress:none:__TI_decompress_none)
                  000013ce    0000000e     startup_msp432p401r_ccs.obj (.text)
                  000013dc    00000004     rtsv7M4_T_le_v4SPD16_eabi.lib : pre_init.c.obj (.text:_system_pre_init)
                  000013e0    00000004                                   : exit.c.obj (.text:abort:abort)

.cinit     0    000013e8    00000020     
                  000013e8    0000000d     (.cinit..data.load) [load image, compression = lzss]
                  000013f5    00000003     --HOLE-- [fill = 0]
                  000013f8    00000008     (__TI_handler_table)
                  00001400    00000008     (__TI_cinit_table)

.init_array 
*          0    00000000    00000000     UNINITIALIZED

.binit     0    00000000    00000000     

.data      0    20000000    00000008     UNINITIALIZED
                  20000000    00000004     system_msp432p401r.obj (.data)
                  20000004    00000002     I2C.obj (.data)
                  20000006    00000002     Keypad.obj (.data)

.stack     0    2000fe00    00000200     UNINITIALIZED
                  2000fe00    00000004     rtsv7M4_T_le_v4SPD16_eabi.lib : boot_cortex_m.c.obj (.stack)
                  2000fe04    000001fc     --HOLE--

MODULE SUMMARY

       Module                        code   ro data   rw data
       ------                        ----   -------   -------
    ./
       Keypad.obj                    1158   0         4      
       delay.obj                     960    0         0      
       system_msp432p401r.obj        820    0         8      
       I2C.obj                       764    0         4      
       RTC.obj                       368    0         0      
       UART.obj                      316    0         0      
       startup_msp432p401r_ccs.obj   14     228       0      
       main.obj                      60     0         0      
    +--+-----------------------------+------+---------+---------+
       Total:                        4460   228       16     
                                                             
    /Applications/ti/ccs900/ccs/tools/compiler/ti-cgt-arm_18.12.1.LTS/lib/rtsv7M4_T_le_v4SPD16_eabi.lib
       memcpy_t2.asm.obj             156    0         0      
       copy_decompress_lzss.c.obj    104    0         0      
       autoinit.c.obj                68     0         0      
       boot_cortex_m.c.obj           52     0         0      
       copy_decompress_none.c.obj    14     0         0      
       exit.c.obj                    4      0         0      
       pre_init.c.obj                4      0         0      
    +--+-----------------------------+------+---------+---------+
       Total:                        402    0         0      
                                                             
       Stack:                        0      0         1024   
       Linker Generated:             0      29        0      
    +--+-----------------------------+------+---------+---------+
       Grand Total:                  4862   257       1040   


LINKER GENERATED COPY TABLES

__TI_cinit_table @ 00001400 records: 1, size/record: 8, table size: 8
	.data: load addr=000013e8, load size=0000000d bytes, run addr=20000000, run size=00000008 bytes, compression=lzss


LINKER GENERATED HANDLER TABLE

__TI_handler_table @ 000013f8 records: 2, size/record: 4, table size: 8
	index: 0, handler: __TI_decompress_lzss
	index: 1, handler: __TI_decompress_none


GLOBAL SYMBOLS: SORTED ALPHABETICALLY BY Name 

address   name                          
-------   ----                          
000013db  ADC14_IRQHandler              
000013db  AES256_IRQHandler             
000013db  BusFault_Handler              
000013e1  C$$EXIT                       
000013db  COMP_E0_IRQHandler            
000013db  COMP_E1_IRQHandler            
000013db  CS_IRQHandler                 
000013db  DMA_ERR_IRQHandler            
000013db  DMA_INT0_IRQHandler           
000013db  DMA_INT1_IRQHandler           
000013db  DMA_INT2_IRQHandler           
000013db  DMA_INT3_IRQHandler           
000013db  DebugMon_Handler              
000013db  Default_Handler               
000011bd  EUSCIA0_IRQHandler            
000011bd  EUSCIA0_IRQHandler            
000013db  EUSCIA1_IRQHandler            
000013db  EUSCIA2_IRQHandler            
000013db  EUSCIA3_IRQHandler            
00000ee3  EUSCIB0_IRQHandler            
00000ee3  EUSCIB0_IRQHandler            
000013db  EUSCIB1_IRQHandler            
000013db  EUSCIB2_IRQHandler            
000013db  EUSCIB3_IRQHandler            
000013db  FLCTL_IRQHandler              
000013db  FPU_IRQHandler                
000013db  HardFault_Handler             
00000c61  I2C_Init                      
00000e39  I2C_ReadMultiByte             
00000d21  I2C_ReadSingleByte            
00000da5  I2C_WriteMultiByte            
00000cb9  I2C_WriteSingleByte           
0000036d  Keypad_GetKey                 
000000e5  Keypad_Init                   
000013db  MemManage_Handler             
000013db  NMI_Handler                   
000013db  PCM_IRQHandler                
000013db  PORT1_IRQHandler              
000013db  PORT2_IRQHandler              
000013db  PORT3_IRQHandler              
000013db  PORT4_IRQHandler              
00000165  PORT5_IRQHandler              
00000165  PORT5_IRQHandler              
000013db  PORT6_IRQHandler              
000013db  PSS_IRQHandler                
000013db  PendSV_Handler                
00001085  RTC_C_IRQHandler              
00001085  RTC_C_IRQHandler              
00001067  RTC_GetCurrentTime            
00001003  RTC_GetDay                    
0000102b  RTC_GetHour                   
00001053  RTC_GetMinute                 
00000fdb  RTC_GetMonth                  
00000fb3  RTC_GetYear                   
00000f5d  RTC_Init                      
00000fef  RTC_SetDay                    
00001017  RTC_SetHour                   
0000103f  RTC_SetMinute                 
00000fc7  RTC_SetMonth                  
00000f9f  RTC_SetYear                   
00000f85  RTC_Start                     
000013cf  Reset_Handler                 
000013db  SVC_Handler                   
000013db  SysTick_Handler               
20000000  SystemCoreClock               
0000092d  SystemCoreClockUpdate         
00000ba5  SystemInit                    
000013db  T32_INT1_IRQHandler           
000013db  T32_INT2_IRQHandler           
000013db  T32_INTC_IRQHandler           
000013db  TA0_0_IRQHandler              
000013db  TA0_N_IRQHandler              
000013db  TA1_0_IRQHandler              
000013db  TA1_N_IRQHandler              
000013db  TA2_0_IRQHandler              
000013db  TA2_N_IRQHandler              
000013db  TA3_0_IRQHandler              
000013db  TA3_N_IRQHandler              
000013db  UsageFault_Handler            
4000480c  WDTCTL_SYM                    
000013db  WDT_A_IRQHandler              
20010000  __STACK_END                   
00000200  __STACK_SIZE                  
00001400  __TI_CINIT_Base               
00001408  __TI_CINIT_Limit              
000013f8  __TI_Handler_Table_Base       
00001400  __TI_Handler_Table_Limit      
0000130d  __TI_auto_init_nobinit_nopinit
000012a5  __TI_decompress_lzss          
000013c1  __TI_decompress_none          
ffffffff  __TI_pprof_out_hndl           
ffffffff  __TI_prof_data_size           
ffffffff  __TI_prof_data_start          
00000000  __TI_static_base__            
00001209  __aeabi_memcpy                
00001209  __aeabi_memcpy4               
00001209  __aeabi_memcpy8               
ffffffff  __binit__                     
ffffffff  __c_args__                    
UNDEFED   __mpu_init                    
2000fe00  __stack                       
0000138d  _c_int00_noargs               
UNDEFED   _system_post_cinit            
000013dd  _system_pre_init              
000013e1  abort                         
ffffffff  binit                         
0000056d  delay_ms                      
00000617  delay_us                      
000008cf  delay_us_48_MHZ               
000010cd  initUART                      
0000111d  initUARTWriteOnly             
00000000  interruptVectors              
00000191  keypad_setkey                 
000003cd  keypad_testkey                
00001351  main                          
00001209  memcpy                        
0000119f  newLine                       
000007b1  set_DCO                       
00001179  writeDigit                    
0000114f  write_UART                    


GLOBAL SYMBOLS: SORTED BY Symbol Address 

address   name                          
-------   ----                          
00000000  __TI_static_base__            
00000000  interruptVectors              
000000e5  Keypad_Init                   
00000165  PORT5_IRQHandler              
00000165  PORT5_IRQHandler              
00000191  keypad_setkey                 
00000200  __STACK_SIZE                  
0000036d  Keypad_GetKey                 
000003cd  keypad_testkey                
0000056d  delay_ms                      
00000617  delay_us                      
000007b1  set_DCO                       
000008cf  delay_us_48_MHZ               
0000092d  SystemCoreClockUpdate         
00000ba5  SystemInit                    
00000c61  I2C_Init                      
00000cb9  I2C_WriteSingleByte           
00000d21  I2C_ReadSingleByte            
00000da5  I2C_WriteMultiByte            
00000e39  I2C_ReadMultiByte             
00000ee3  EUSCIB0_IRQHandler            
00000ee3  EUSCIB0_IRQHandler            
00000f5d  RTC_Init                      
00000f85  RTC_Start                     
00000f9f  RTC_SetYear                   
00000fb3  RTC_GetYear                   
00000fc7  RTC_SetMonth                  
00000fdb  RTC_GetMonth                  
00000fef  RTC_SetDay                    
00001003  RTC_GetDay                    
00001017  RTC_SetHour                   
0000102b  RTC_GetHour                   
0000103f  RTC_SetMinute                 
00001053  RTC_GetMinute                 
00001067  RTC_GetCurrentTime            
00001085  RTC_C_IRQHandler              
00001085  RTC_C_IRQHandler              
000010cd  initUART                      
0000111d  initUARTWriteOnly             
0000114f  write_UART                    
00001179  writeDigit                    
0000119f  newLine                       
000011bd  EUSCIA0_IRQHandler            
000011bd  EUSCIA0_IRQHandler            
00001209  __aeabi_memcpy                
00001209  __aeabi_memcpy4               
00001209  __aeabi_memcpy8               
00001209  memcpy                        
000012a5  __TI_decompress_lzss          
0000130d  __TI_auto_init_nobinit_nopinit
00001351  main                          
0000138d  _c_int00_noargs               
000013c1  __TI_decompress_none          
000013cf  Reset_Handler                 
000013db  ADC14_IRQHandler              
000013db  AES256_IRQHandler             
000013db  BusFault_Handler              
000013db  COMP_E0_IRQHandler            
000013db  COMP_E1_IRQHandler            
000013db  CS_IRQHandler                 
000013db  DMA_ERR_IRQHandler            
000013db  DMA_INT0_IRQHandler           
000013db  DMA_INT1_IRQHandler           
000013db  DMA_INT2_IRQHandler           
000013db  DMA_INT3_IRQHandler           
000013db  DebugMon_Handler              
000013db  Default_Handler               
000013db  EUSCIA1_IRQHandler            
000013db  EUSCIA2_IRQHandler            
000013db  EUSCIA3_IRQHandler            
000013db  EUSCIB1_IRQHandler            
000013db  EUSCIB2_IRQHandler            
000013db  EUSCIB3_IRQHandler            
000013db  FLCTL_IRQHandler              
000013db  FPU_IRQHandler                
000013db  HardFault_Handler             
000013db  MemManage_Handler             
000013db  NMI_Handler                   
000013db  PCM_IRQHandler                
000013db  PORT1_IRQHandler              
000013db  PORT2_IRQHandler              
000013db  PORT3_IRQHandler              
000013db  PORT4_IRQHandler              
000013db  PORT6_IRQHandler              
000013db  PSS_IRQHandler                
000013db  PendSV_Handler                
000013db  SVC_Handler                   
000013db  SysTick_Handler               
000013db  T32_INT1_IRQHandler           
000013db  T32_INT2_IRQHandler           
000013db  T32_INTC_IRQHandler           
000013db  TA0_0_IRQHandler              
000013db  TA0_N_IRQHandler              
000013db  TA1_0_IRQHandler              
000013db  TA1_N_IRQHandler              
000013db  TA2_0_IRQHandler              
000013db  TA2_N_IRQHandler              
000013db  TA3_0_IRQHandler              
000013db  TA3_N_IRQHandler              
000013db  UsageFault_Handler            
000013db  WDT_A_IRQHandler              
000013dd  _system_pre_init              
000013e1  C$$EXIT                       
000013e1  abort                         
000013f8  __TI_Handler_Table_Base       
00001400  __TI_CINIT_Base               
00001400  __TI_Handler_Table_Limit      
00001408  __TI_CINIT_Limit              
20000000  SystemCoreClock               
2000fe00  __stack                       
20010000  __STACK_END                   
4000480c  WDTCTL_SYM                    
ffffffff  __TI_pprof_out_hndl           
ffffffff  __TI_prof_data_size           
ffffffff  __TI_prof_data_start          
ffffffff  __binit__                     
ffffffff  __c_args__                    
ffffffff  binit                         
UNDEFED   __mpu_init                    
UNDEFED   _system_post_cinit            

[120 symbols]
