******************************************************************************
                  TI ARM Linker PC v18.12.1                    
******************************************************************************
>> Linked Tue Feb 11 15:23:07 2020

OUTPUT FILE NAME:   <SolarTracker.out>
ENTRY POINT SYMBOL: "_c_int00_noargs"  address: 00000f99


MEMORY CONFIGURATION

         name            origin    length      used     unused   attr    fill
----------------------  --------  ---------  --------  --------  ----  --------
  MAIN                  00000000   00040000  00001062  0003ef9e  R  X
  INFO                  00200000   00004000  00000000  00004000  R  X
  SRAM_CODE             01000000   00010000  00000205  0000fdfb  RW X
  SRAM_DATA             20000000   00010000  00000205  0000fdfb  RW  


SEGMENT ALLOCATION MAP

run origin  load origin   length   init length attrs members
----------  ----------- ---------- ----------- ----- -------
00000000    00000000    00001068   00001068    r-x
  00000000    00000000    000000e4   000000e4    r-- .intvecs
  000000e4    000000e4    00000f4e   00000f4e    r-x .text
  00001038    00001038    00000030   00000030    r-- .cinit
20000000    20000000    00000005   00000000    rw-
  20000000    20000000    00000004   00000000    rw- .data
  20000004    20000004    00000001   00000000    rw- .bss
2000fe00    2000fe00    00000200   00000000    rw-
  2000fe00    2000fe00    00000200   00000000    rw- .stack


SECTION ALLOCATION MAP

 output                                  attributes/
section   page    origin      length       input sections
--------  ----  ----------  ----------   ----------------
.intvecs   0    00000000    000000e4     
                  00000000    000000e4     startup_msp432p401r_ccs.obj (.intvecs:retain)

.text      0    000000e4    00000f4e     
                  000000e4    000003c8     Keypad.obj (.text)
                  000004ac    000003c0     delay.obj (.text)
                  0000086c    00000334     system_msp432p401r.obj (.text)
                  00000ba0    00000174     RTC.obj (.text)
                  00000d14    0000013c     UART.obj (.text)
                  00000e50    0000009c     rtsv7M4_T_le_v4SPD16_eabi.lib : memcpy_t2.asm.obj (.text)
                  00000eec    00000068                                   : copy_decompress_lzss.c.obj (.text:decompress:lzss:__TI_decompress_lzss)
                  00000f54    00000044                                   : autoinit.c.obj (.text:__TI_auto_init_nobinit_nopinit:__TI_auto_init_nobinit_nopinit)
                  00000f98    00000034                                   : boot_cortex_m.c.obj (.text:_c_int00_noargs:_c_int00_noargs)
                  00000fcc    00000030     main.obj (.text)
                  00000ffc    00000012     rtsv7M4_T_le_v4SPD16_eabi.lib : copy_zero_init.c.obj (.text:decompress:ZI:__TI_zero_init_nomemset:__TI_zero_init_nomemset)
                  0000100e    0000000e                                   : copy_decompress_none.c.obj (.text:decompress:none:__TI_decompress_none)
                  0000101c    0000000e     startup_msp432p401r_ccs.obj (.text)
                  0000102a    00000004     rtsv7M4_T_le_v4SPD16_eabi.lib : pre_init.c.obj (.text:_system_pre_init)
                  0000102e    00000004                                   : exit.c.obj (.text:abort:abort)

.cinit     0    00001038    00000030     
                  00001038    0000000c     (__TI_handler_table)
                  00001044    00000004     --HOLE-- [fill = 0]
                  00001048    00000008     (.cinit..bss.load) [load image, compression = zero_init]
                  00001050    00000008     (.cinit..data.load) [load image, compression = lzss]
                  00001058    00000010     (__TI_cinit_table)

.init_array 
*          0    00000000    00000000     UNINITIALIZED

.binit     0    00000000    00000000     

.data      0    20000000    00000004     UNINITIALIZED
                  20000000    00000004     system_msp432p401r.obj (.data)

.bss       0    20000004    00000001     UNINITIALIZED
                  20000004    00000001     Keypad.obj (.bss)

.stack     0    2000fe00    00000200     UNINITIALIZED
                  2000fe00    00000004     rtsv7M4_T_le_v4SPD16_eabi.lib : boot_cortex_m.c.obj (.stack)
                  2000fe04    000001fc     --HOLE--

MODULE SUMMARY

       Module                        code   ro data   rw data
       ------                        ----   -------   -------
    .\
       Keypad.obj                    968    0         2      
       delay.obj                     960    0         0      
       system_msp432p401r.obj        820    0         8      
       RTC.obj                       372    0         0      
       UART.obj                      316    0         0      
       startup_msp432p401r_ccs.obj   14     228       0      
       main.obj                      48     0         0      
    +--+-----------------------------+------+---------+---------+
       Total:                        3498   228       10     
                                                             
    C:\ti\ccs900\ccs\tools\compiler\ti-cgt-arm_18.12.1.LTS\lib\rtsv7M4_T_le_v4SPD16_eabi.lib
       memcpy_t2.asm.obj             156    0         0      
       copy_decompress_lzss.c.obj    104    0         0      
       autoinit.c.obj                68     0         0      
       boot_cortex_m.c.obj           52     0         0      
       copy_zero_init.c.obj          18     0         0      
       copy_decompress_none.c.obj    14     0         0      
       exit.c.obj                    4      0         0      
       pre_init.c.obj                4      0         0      
    +--+-----------------------------+------+---------+---------+
       Total:                        420    0         0      
                                                             
       Stack:                        0      0         1024   
       Linker Generated:             0      44        0      
    +--+-----------------------------+------+---------+---------+
       Grand Total:                  3918   272       1034   


LINKER GENERATED COPY TABLES

__TI_cinit_table @ 00001058 records: 2, size/record: 8, table size: 16
	.bss: load addr=00001048, load size=00000008 bytes, run addr=20000004, run size=00000001 bytes, compression=zero_init
	.data: load addr=00001050, load size=00000008 bytes, run addr=20000000, run size=00000004 bytes, compression=lzss


LINKER GENERATED HANDLER TABLE

__TI_handler_table @ 00001038 records: 3, size/record: 4, table size: 12
	index: 0, handler: __TI_decompress_lzss
	index: 1, handler: __TI_decompress_none
	index: 2, handler: __TI_zero_init


GLOBAL SYMBOLS: SORTED ALPHABETICALLY BY Name 

address   name                          
-------   ----                          
00001029  ADC14_IRQHandler              
00001029  AES256_IRQHandler             
00001029  BusFault_Handler              
0000102f  C$$EXIT                       
00001029  COMP_E0_IRQHandler            
00001029  COMP_E1_IRQHandler            
00001029  CS_IRQHandler                 
00001029  DMA_ERR_IRQHandler            
00001029  DMA_INT0_IRQHandler           
00001029  DMA_INT1_IRQHandler           
00001029  DMA_INT2_IRQHandler           
00001029  DMA_INT3_IRQHandler           
00001029  DebugMon_Handler              
00001029  Default_Handler               
00000e05  EUSCIA0_IRQHandler            
00000e05  EUSCIA0_IRQHandler            
00001029  EUSCIA1_IRQHandler            
00001029  EUSCIA2_IRQHandler            
00001029  EUSCIA3_IRQHandler            
00001029  EUSCIB0_IRQHandler            
00001029  EUSCIB1_IRQHandler            
00001029  EUSCIB2_IRQHandler            
00001029  EUSCIB3_IRQHandler            
00001029  FLCTL_IRQHandler              
00001029  FPU_IRQHandler                
000002bf  GetKey                        
00001029  HardFault_Handler             
000000e5  KeypadInit                    
00001029  MemManage_Handler             
00001029  NMI_Handler                   
00001029  PCM_IRQHandler                
00001029  PORT1_IRQHandler              
00001029  PORT2_IRQHandler              
00001029  PORT3_IRQHandler              
00001029  PORT4_IRQHandler              
00000141  PORT5_IRQHandler              
00000141  PORT5_IRQHandler              
00001029  PORT6_IRQHandler              
00001029  PSS_IRQHandler                
00001029  PendSV_Handler                
00000ccb  RTC_C_IRQHandler              
00000ccb  RTC_C_IRQHandler              
0000101d  Reset_Handler                 
00001029  SVC_Handler                   
00001029  SysTick_Handler               
20000000  SystemCoreClock               
0000086d  SystemCoreClockUpdate         
00000ae5  SystemInit                    
00001029  T32_INT1_IRQHandler           
00001029  T32_INT2_IRQHandler           
00001029  T32_INTC_IRQHandler           
00001029  TA0_0_IRQHandler              
00001029  TA0_N_IRQHandler              
00001029  TA1_0_IRQHandler              
00001029  TA1_N_IRQHandler              
00001029  TA2_0_IRQHandler              
00001029  TA2_N_IRQHandler              
00001029  TA3_0_IRQHandler              
00001029  TA3_N_IRQHandler              
00001029  UsageFault_Handler            
4000480c  WDTCTL_SYM                    
00001029  WDT_A_IRQHandler              
20010000  __STACK_END                   
00000200  __STACK_SIZE                  
00001058  __TI_CINIT_Base               
00001068  __TI_CINIT_Limit              
00001038  __TI_Handler_Table_Base       
00001044  __TI_Handler_Table_Limit      
00000f55  __TI_auto_init_nobinit_nopinit
00000eed  __TI_decompress_lzss          
0000100f  __TI_decompress_none          
ffffffff  __TI_pprof_out_hndl           
ffffffff  __TI_prof_data_size           
ffffffff  __TI_prof_data_start          
00000000  __TI_static_base__            
00000ffd  __TI_zero_init_nomemset       
00000e51  __aeabi_memcpy                
00000e51  __aeabi_memcpy4               
00000e51  __aeabi_memcpy8               
ffffffff  __binit__                     
ffffffff  __c_args__                    
UNDEFED   __mpu_init                    
2000fe00  __stack                       
00000f99  _c_int00_noargs               
UNDEFED   _system_post_cinit            
0000102b  _system_pre_init              
0000102f  abort                         
ffffffff  binit                         
000004ad  delay_ms                      
00000557  delay_us                      
0000080f  delay_us_48_MHZ               
00000cad  getCurrentTime                
00000c49  getRTCDay                     
00000c71  getRTCHour                    
00000c99  getRTCMinute                  
00000c21  getRTCMonth                   
00000bf9  getRTCYear                    
00000ba1  initRTC                       
00000d15  initUART                      
00000d65  initUARTWriteOnly             
00000000  interruptVectors              
00000153  keypad_setkey                 
00000305  keypad_testkey                
00000fcd  main                          
00000e51  memcpy                        
00000de7  newLine                       
00000c35  setRTCDay                     
00000c5d  setRTCHour                    
00000c85  setRTCMinute                  
00000c0d  setRTCMonth                   
00000be5  setRTCYear                    
000006f1  set_DCO                       
00000bc9  startRTC                      
00000dc1  writeDigit                    
00000d97  write_UART                    


GLOBAL SYMBOLS: SORTED BY Symbol Address 

address   name                          
-------   ----                          
00000000  __TI_static_base__            
00000000  interruptVectors              
000000e5  KeypadInit                    
00000141  PORT5_IRQHandler              
00000141  PORT5_IRQHandler              
00000153  keypad_setkey                 
00000200  __STACK_SIZE                  
000002bf  GetKey                        
00000305  keypad_testkey                
000004ad  delay_ms                      
00000557  delay_us                      
000006f1  set_DCO                       
0000080f  delay_us_48_MHZ               
0000086d  SystemCoreClockUpdate         
00000ae5  SystemInit                    
00000ba1  initRTC                       
00000bc9  startRTC                      
00000be5  setRTCYear                    
00000bf9  getRTCYear                    
00000c0d  setRTCMonth                   
00000c21  getRTCMonth                   
00000c35  setRTCDay                     
00000c49  getRTCDay                     
00000c5d  setRTCHour                    
00000c71  getRTCHour                    
00000c85  setRTCMinute                  
00000c99  getRTCMinute                  
00000cad  getCurrentTime                
00000ccb  RTC_C_IRQHandler              
00000ccb  RTC_C_IRQHandler              
00000d15  initUART                      
00000d65  initUARTWriteOnly             
00000d97  write_UART                    
00000dc1  writeDigit                    
00000de7  newLine                       
00000e05  EUSCIA0_IRQHandler            
00000e05  EUSCIA0_IRQHandler            
00000e51  __aeabi_memcpy                
00000e51  __aeabi_memcpy4               
00000e51  __aeabi_memcpy8               
00000e51  memcpy                        
00000eed  __TI_decompress_lzss          
00000f55  __TI_auto_init_nobinit_nopinit
00000f99  _c_int00_noargs               
00000fcd  main                          
00000ffd  __TI_zero_init_nomemset       
0000100f  __TI_decompress_none          
0000101d  Reset_Handler                 
00001029  ADC14_IRQHandler              
00001029  AES256_IRQHandler             
00001029  BusFault_Handler              
00001029  COMP_E0_IRQHandler            
00001029  COMP_E1_IRQHandler            
00001029  CS_IRQHandler                 
00001029  DMA_ERR_IRQHandler            
00001029  DMA_INT0_IRQHandler           
00001029  DMA_INT1_IRQHandler           
00001029  DMA_INT2_IRQHandler           
00001029  DMA_INT3_IRQHandler           
00001029  DebugMon_Handler              
00001029  Default_Handler               
00001029  EUSCIA1_IRQHandler            
00001029  EUSCIA2_IRQHandler            
00001029  EUSCIA3_IRQHandler            
00001029  EUSCIB0_IRQHandler            
00001029  EUSCIB1_IRQHandler            
00001029  EUSCIB2_IRQHandler            
00001029  EUSCIB3_IRQHandler            
00001029  FLCTL_IRQHandler              
00001029  FPU_IRQHandler                
00001029  HardFault_Handler             
00001029  MemManage_Handler             
00001029  NMI_Handler                   
00001029  PCM_IRQHandler                
00001029  PORT1_IRQHandler              
00001029  PORT2_IRQHandler              
00001029  PORT3_IRQHandler              
00001029  PORT4_IRQHandler              
00001029  PORT6_IRQHandler              
00001029  PSS_IRQHandler                
00001029  PendSV_Handler                
00001029  SVC_Handler                   
00001029  SysTick_Handler               
00001029  T32_INT1_IRQHandler           
00001029  T32_INT2_IRQHandler           
00001029  T32_INTC_IRQHandler           
00001029  TA0_0_IRQHandler              
00001029  TA0_N_IRQHandler              
00001029  TA1_0_IRQHandler              
00001029  TA1_N_IRQHandler              
00001029  TA2_0_IRQHandler              
00001029  TA2_N_IRQHandler              
00001029  TA3_0_IRQHandler              
00001029  TA3_N_IRQHandler              
00001029  UsageFault_Handler            
00001029  WDT_A_IRQHandler              
0000102b  _system_pre_init              
0000102f  C$$EXIT                       
0000102f  abort                         
00001038  __TI_Handler_Table_Base       
00001044  __TI_Handler_Table_Limit      
00001058  __TI_CINIT_Base               
00001068  __TI_CINIT_Limit              
20000000  SystemCoreClock               
2000fe00  __stack                       
20010000  __STACK_END                   
4000480c  WDTCTL_SYM                    
ffffffff  __TI_pprof_out_hndl           
ffffffff  __TI_prof_data_size           
ffffffff  __TI_prof_data_start          
ffffffff  __binit__                     
ffffffff  __c_args__                    
ffffffff  binit                         
UNDEFED   __mpu_init                    
UNDEFED   _system_post_cinit            

[115 symbols]
