******************************************************************************
                  TI ARM Linker Unix v18.12.1                  
******************************************************************************
>> Linked Wed Feb 26 15:35:13 2020

OUTPUT FILE NAME:   <SolarTracker.out>
ENTRY POINT SYMBOL: "_c_int00_noargs"  address: 000011e5


MEMORY CONFIGURATION

         name            origin    length      used     unused   attr    fill
----------------------  --------  ---------  --------  --------  ----  --------
  MAIN                  00000000   00040000  00001254  0003edac  R  X
  INFO                  00200000   00004000  00000000  00004000  R  X
  SRAM_CODE             01000000   00010000  00000204  0000fdfc  RW X
  SRAM_DATA             20000000   00010000  00000204  0000fdfc  RW  


SEGMENT ALLOCATION MAP

run origin  load origin   length   init length attrs members
----------  ----------- ---------- ----------- ----- -------
00000000    00000000    00001258   00001258    r-x
  00000000    00000000    000000e4   000000e4    r-- .intvecs
  000000e4    000000e4    00001158   00001158    r-x .text
  00001240    00001240    00000018   00000018    r-- .cinit
20000000    20000000    00000004   00000000    rw-
  20000000    20000000    00000004   00000000    rw- .data
2000fe00    2000fe00    00000200   00000000    rw-
  2000fe00    2000fe00    00000200   00000000    rw- .stack


SECTION ALLOCATION MAP

 output                                  attributes/
section   page    origin      length       input sections
--------  ----  ----------  ----------   ----------------
.intvecs   0    00000000    000000e4     
                  00000000    000000e4     startup_msp432p401r_ccs.obj (.intvecs:retain)

.text      0    000000e4    00001158     
                  000000e4    00000572     LCD.obj (.text)
                  00000656    00000002     --HOLE-- [fill = 0]
                  00000658    000003c0     delay.obj (.text)
                  00000a18    00000334     system_msp432p401r.obj (.text)
                  00000d4c    00000174     RTC.obj (.text)
                  00000ec0    0000013c     UART.obj (.text)
                  00000ffc    000000a0     main.obj (.text)
                  0000109c    0000009c     rtsv7M4_T_le_v4SPD16_eabi.lib : memcpy_t2.asm.obj (.text)
                  00001138    00000068                                   : copy_decompress_lzss.c.obj (.text:decompress:lzss:__TI_decompress_lzss)
                  000011a0    00000044                                   : autoinit.c.obj (.text:__TI_auto_init_nobinit_nopinit:__TI_auto_init_nobinit_nopinit)
                  000011e4    00000034                                   : boot_cortex_m.c.obj (.text:_c_int00_noargs:_c_int00_noargs)
                  00001218    0000000e                                   : copy_decompress_none.c.obj (.text:decompress:none:__TI_decompress_none)
                  00001226    0000000e     startup_msp432p401r_ccs.obj (.text)
                  00001234    00000004     rtsv7M4_T_le_v4SPD16_eabi.lib : pre_init.c.obj (.text:_system_pre_init)
                  00001238    00000004                                   : exit.c.obj (.text:abort:abort)

.cinit     0    00001240    00000018     
                  00001240    00000008     (.cinit..data.load) [load image, compression = lzss]
                  00001248    00000008     (__TI_handler_table)
                  00001250    00000008     (__TI_cinit_table)

.init_array 
*          0    00000000    00000000     UNINITIALIZED

.binit     0    00000000    00000000     

.data      0    20000000    00000004     UNINITIALIZED
                  20000000    00000004     system_msp432p401r.obj (.data)

.stack     0    2000fe00    00000200     UNINITIALIZED
                  2000fe00    00000004     rtsv7M4_T_le_v4SPD16_eabi.lib : boot_cortex_m.c.obj (.stack)
                  2000fe04    000001fc     --HOLE--

MODULE SUMMARY

       Module                        code   ro data   rw data
       ------                        ----   -------   -------
    ./
       LCD.obj                       1394   0         0      
       delay.obj                     960    0         0      
       system_msp432p401r.obj        820    0         8      
       RTC.obj                       372    0         0      
       UART.obj                      316    0         0      
       startup_msp432p401r_ccs.obj   14     228       0      
       main.obj                      160    0         0      
    +--+-----------------------------+------+---------+---------+
       Total:                        4036   228       8      
                                                             
    /Applications/ccs/tools/compiler/ti-cgt-arm_18.12.1.LTS/lib/rtsv7M4_T_le_v4SPD16_eabi.lib
       memcpy_t2.asm.obj             156    0         0      
       copy_decompress_lzss.c.obj    104    0         0      
       autoinit.c.obj                68     0         0      
       boot_cortex_m.c.obj           52     0         0      
       copy_decompress_none.c.obj    14     0         0      
       exit.c.obj                    4      0         0      
       pre_init.c.obj                4      0         0      
    +--+-----------------------------+------+---------+---------+
       Total:                        402    0         0      
                                                             
       Stack:                        0      0         1024   
       Linker Generated:             0      24        0      
    +--+-----------------------------+------+---------+---------+
       Grand Total:                  4438   252       1032   


LINKER GENERATED COPY TABLES

__TI_cinit_table @ 00001250 records: 1, size/record: 8, table size: 8
	.data: load addr=00001240, load size=00000008 bytes, run addr=20000000, run size=00000004 bytes, compression=lzss


LINKER GENERATED HANDLER TABLE

__TI_handler_table @ 00001248 records: 2, size/record: 4, table size: 8
	index: 0, handler: __TI_decompress_lzss
	index: 1, handler: __TI_decompress_none


GLOBAL SYMBOLS: SORTED ALPHABETICALLY BY Name 

address   name                          
-------   ----                          
00001233  ADC14_IRQHandler              
00001233  AES256_IRQHandler             
00000331  A_1_MANUAL                    
00000371  A_2_MANUAL                    
0000038d  B_1_ALGORITHM                 
000003a9  B_2_ALGORITHM                 
00001233  BusFault_Handler              
00001239  C$$EXIT                       
00001233  COMP_E0_IRQHandler            
00001233  COMP_E1_IRQHandler            
00001233  CS_IRQHandler                 
000003c5  C_1_DEMO                      
000003e1  C_2_DEMO                      
00001233  DMA_ERR_IRQHandler            
00001233  DMA_INT0_IRQHandler           
00001233  DMA_INT1_IRQHandler           
00001233  DMA_INT2_IRQHandler           
00001233  DMA_INT3_IRQHandler           
00001233  DebugMon_Handler              
00001233  Default_Handler               
00000fb1  EUSCIA0_IRQHandler            
00000fb1  EUSCIA0_IRQHandler            
00001233  EUSCIA1_IRQHandler            
00001233  EUSCIA2_IRQHandler            
00001233  EUSCIA3_IRQHandler            
00001233  EUSCIB0_IRQHandler            
00001233  EUSCIB1_IRQHandler            
00001233  EUSCIB2_IRQHandler            
00001233  EUSCIB3_IRQHandler            
00001233  FLCTL_IRQHandler              
00001233  FPU_IRQHandler                
00001233  HardFault_Handler             
00000315  HomeScreen                    
00001233  MemManage_Handler             
00001233  NMI_Handler                   
00001233  PCM_IRQHandler                
00001233  PORT1_IRQHandler              
00001233  PORT2_IRQHandler              
00001233  PORT3_IRQHandler              
00001233  PORT4_IRQHandler              
00001233  PORT5_IRQHandler              
00001233  PORT6_IRQHandler              
00001233  PSS_IRQHandler                
00001233  PendSV_Handler                
00000e77  RTC_C_IRQHandler              
00000e77  RTC_C_IRQHandler              
00001227  Reset_Handler                 
00001233  SVC_Handler                   
00000271  SetCursorLocation             
000002f3  StartScreen                   
00001233  SysTick_Handler               
20000000  SystemCoreClock               
00000a19  SystemCoreClockUpdate         
00000c91  SystemInit                    
00001233  T32_INT1_IRQHandler           
00001233  T32_INT2_IRQHandler           
00001233  T32_INTC_IRQHandler           
00001233  TA0_0_IRQHandler              
00001233  TA0_N_IRQHandler              
00001233  TA1_0_IRQHandler              
00001233  TA1_N_IRQHandler              
00001233  TA2_0_IRQHandler              
00001233  TA2_N_IRQHandler              
00001233  TA3_0_IRQHandler              
00001233  TA3_N_IRQHandler              
00001233  UsageFault_Handler            
4000480c  WDTCTL_SYM                    
00001233  WDT_A_IRQHandler              
20010000  __STACK_END                   
00000200  __STACK_SIZE                  
00001250  __TI_CINIT_Base               
00001258  __TI_CINIT_Limit              
00001248  __TI_Handler_Table_Base       
00001250  __TI_Handler_Table_Limit      
000011a1  __TI_auto_init_nobinit_nopinit
00001139  __TI_decompress_lzss          
00001219  __TI_decompress_none          
ffffffff  __TI_pprof_out_hndl           
ffffffff  __TI_prof_data_size           
ffffffff  __TI_prof_data_start          
00000000  __TI_static_base__            
0000109d  __aeabi_memcpy                
0000109d  __aeabi_memcpy4               
0000109d  __aeabi_memcpy8               
ffffffff  __binit__                     
ffffffff  __c_args__                    
UNDEFED   __mpu_init                    
2000fe00  __stack                       
000011e5  _c_int00_noargs               
UNDEFED   _system_post_cinit            
00001235  _system_pre_init              
00001239  abort                         
ffffffff  binit                         
0000019d  clear_LCD                     
000001b7  command_LCD                   
00000659  delay_ms                      
00000703  delay_us                      
000009bb  delay_us_48_MHZ               
00000e59  getCurrentTime                
00000df5  getRTCDay                     
00000e1d  getRTCHour                    
00000e45  getRTCMinute                  
00000dcd  getRTCMonth                   
00000da5  getRTCYear                    
00000d4d  initRTC                       
00000ec1  initUART                      
00000f11  initUARTWriteOnly             
000000e5  init_LCD                      
00000000  interruptVectors              
000003fd  lcd_test                      
00000ffd  main                          
0000109d  memcpy                        
00000f93  newLine                       
000002d3  nybble                        
00000de1  setRTCDay                     
00000e09  setRTCHour                    
00000e31  setRTCMinute                  
00000db9  setRTCMonth                   
00000d91  setRTCYear                    
0000089d  set_DCO                       
00000d75  startRTC                      
00000f6d  writeDigit                    
0000028b  write_LCD_L1                  
0000029d  write_LCD_L2                  
000002af  write_LCD_L3                  
000002c1  write_LCD_L4                  
00000f43  write_UART                    
00000205  write_char_LCD                
00000253  write_string_LCD              


GLOBAL SYMBOLS: SORTED BY Symbol Address 

address   name                          
-------   ----                          
00000000  __TI_static_base__            
00000000  interruptVectors              
000000e5  init_LCD                      
0000019d  clear_LCD                     
000001b7  command_LCD                   
00000200  __STACK_SIZE                  
00000205  write_char_LCD                
00000253  write_string_LCD              
00000271  SetCursorLocation             
0000028b  write_LCD_L1                  
0000029d  write_LCD_L2                  
000002af  write_LCD_L3                  
000002c1  write_LCD_L4                  
000002d3  nybble                        
000002f3  StartScreen                   
00000315  HomeScreen                    
00000331  A_1_MANUAL                    
00000371  A_2_MANUAL                    
0000038d  B_1_ALGORITHM                 
000003a9  B_2_ALGORITHM                 
000003c5  C_1_DEMO                      
000003e1  C_2_DEMO                      
000003fd  lcd_test                      
00000659  delay_ms                      
00000703  delay_us                      
0000089d  set_DCO                       
000009bb  delay_us_48_MHZ               
00000a19  SystemCoreClockUpdate         
00000c91  SystemInit                    
00000d4d  initRTC                       
00000d75  startRTC                      
00000d91  setRTCYear                    
00000da5  getRTCYear                    
00000db9  setRTCMonth                   
00000dcd  getRTCMonth                   
00000de1  setRTCDay                     
00000df5  getRTCDay                     
00000e09  setRTCHour                    
00000e1d  getRTCHour                    
00000e31  setRTCMinute                  
00000e45  getRTCMinute                  
00000e59  getCurrentTime                
00000e77  RTC_C_IRQHandler              
00000e77  RTC_C_IRQHandler              
00000ec1  initUART                      
00000f11  initUARTWriteOnly             
00000f43  write_UART                    
00000f6d  writeDigit                    
00000f93  newLine                       
00000fb1  EUSCIA0_IRQHandler            
00000fb1  EUSCIA0_IRQHandler            
00000ffd  main                          
0000109d  __aeabi_memcpy                
0000109d  __aeabi_memcpy4               
0000109d  __aeabi_memcpy8               
0000109d  memcpy                        
00001139  __TI_decompress_lzss          
000011a1  __TI_auto_init_nobinit_nopinit
000011e5  _c_int00_noargs               
00001219  __TI_decompress_none          
00001227  Reset_Handler                 
00001233  ADC14_IRQHandler              
00001233  AES256_IRQHandler             
00001233  BusFault_Handler              
00001233  COMP_E0_IRQHandler            
00001233  COMP_E1_IRQHandler            
00001233  CS_IRQHandler                 
00001233  DMA_ERR_IRQHandler            
00001233  DMA_INT0_IRQHandler           
00001233  DMA_INT1_IRQHandler           
00001233  DMA_INT2_IRQHandler           
00001233  DMA_INT3_IRQHandler           
00001233  DebugMon_Handler              
00001233  Default_Handler               
00001233  EUSCIA1_IRQHandler            
00001233  EUSCIA2_IRQHandler            
00001233  EUSCIA3_IRQHandler            
00001233  EUSCIB0_IRQHandler            
00001233  EUSCIB1_IRQHandler            
00001233  EUSCIB2_IRQHandler            
00001233  EUSCIB3_IRQHandler            
00001233  FLCTL_IRQHandler              
00001233  FPU_IRQHandler                
00001233  HardFault_Handler             
00001233  MemManage_Handler             
00001233  NMI_Handler                   
00001233  PCM_IRQHandler                
00001233  PORT1_IRQHandler              
00001233  PORT2_IRQHandler              
00001233  PORT3_IRQHandler              
00001233  PORT4_IRQHandler              
00001233  PORT5_IRQHandler              
00001233  PORT6_IRQHandler              
00001233  PSS_IRQHandler                
00001233  PendSV_Handler                
00001233  SVC_Handler                   
00001233  SysTick_Handler               
00001233  T32_INT1_IRQHandler           
00001233  T32_INT2_IRQHandler           
00001233  T32_INTC_IRQHandler           
00001233  TA0_0_IRQHandler              
00001233  TA0_N_IRQHandler              
00001233  TA1_0_IRQHandler              
00001233  TA1_N_IRQHandler              
00001233  TA2_0_IRQHandler              
00001233  TA2_N_IRQHandler              
00001233  TA3_0_IRQHandler              
00001233  TA3_N_IRQHandler              
00001233  UsageFault_Handler            
00001233  WDT_A_IRQHandler              
00001235  _system_pre_init              
00001239  C$$EXIT                       
00001239  abort                         
00001248  __TI_Handler_Table_Base       
00001250  __TI_CINIT_Base               
00001250  __TI_Handler_Table_Limit      
00001258  __TI_CINIT_Limit              
20000000  SystemCoreClock               
2000fe00  __stack                       
20010000  __STACK_END                   
4000480c  WDTCTL_SYM                    
ffffffff  __TI_pprof_out_hndl           
ffffffff  __TI_prof_data_size           
ffffffff  __TI_prof_data_start          
ffffffff  __binit__                     
ffffffff  __c_args__                    
ffffffff  binit                         
UNDEFED   __mpu_init                    
UNDEFED   _system_post_cinit            

[129 symbols]
